Archive member included to satisfy reference by file (symbol)

c:/st/stm32cubeide_1.8.0/stm32cubeide/plugins/com.st.stm32cube.ide.mcu.externaltools.gnu-tools-for-stm32.9-2020-q2-update.win32_2.0.0.202105311346/tools/bin/../lib/gcc/arm-none-eabi/9.3.1/../../../../arm-none-eabi/lib/thumb/v7e-m+fp/hard\libc_nano.a(lib_a-errno.o)
                              ./Core/Src/syscalls.o (__errno)
c:/st/stm32cubeide_1.8.0/stm32cubeide/plugins/com.st.stm32cube.ide.mcu.externaltools.gnu-tools-for-stm32.9-2020-q2-update.win32_2.0.0.202105311346/tools/bin/../lib/gcc/arm-none-eabi/9.3.1/../../../../arm-none-eabi/lib/thumb/v7e-m+fp/hard\libc_nano.a(lib_a-exit.o)
                              c:/st/stm32cubeide_1.8.0/stm32cubeide/plugins/com.st.stm32cube.ide.mcu.externaltools.gnu-tools-for-stm32.9-2020-q2-update.win32_2.0.0.202105311346/tools/bin/../lib/gcc/arm-none-eabi/9.3.1/../../../../arm-none-eabi/lib/thumb/v7e-m+fp/hard/crt0.o (exit)
c:/st/stm32cubeide_1.8.0/stm32cubeide/plugins/com.st.stm32cube.ide.mcu.externaltools.gnu-tools-for-stm32.9-2020-q2-update.win32_2.0.0.202105311346/tools/bin/../lib/gcc/arm-none-eabi/9.3.1/../../../../arm-none-eabi/lib/thumb/v7e-m+fp/hard\libc_nano.a(lib_a-impure.o)
                              c:/st/stm32cubeide_1.8.0/stm32cubeide/plugins/com.st.stm32cube.ide.mcu.externaltools.gnu-tools-for-stm32.9-2020-q2-update.win32_2.0.0.202105311346/tools/bin/../lib/gcc/arm-none-eabi/9.3.1/../../../../arm-none-eabi/lib/thumb/v7e-m+fp/hard\libc_nano.a(lib_a-exit.o) (_global_impure_ptr)
c:/st/stm32cubeide_1.8.0/stm32cubeide/plugins/com.st.stm32cube.ide.mcu.externaltools.gnu-tools-for-stm32.9-2020-q2-update.win32_2.0.0.202105311346/tools/bin/../lib/gcc/arm-none-eabi/9.3.1/../../../../arm-none-eabi/lib/thumb/v7e-m+fp/hard\libc_nano.a(lib_a-init.o)
                              c:/st/stm32cubeide_1.8.0/stm32cubeide/plugins/com.st.stm32cube.ide.mcu.externaltools.gnu-tools-for-stm32.9-2020-q2-update.win32_2.0.0.202105311346/tools/bin/../lib/gcc/arm-none-eabi/9.3.1/../../../../arm-none-eabi/lib/thumb/v7e-m+fp/hard/crt0.o (__libc_init_array)
c:/st/stm32cubeide_1.8.0/stm32cubeide/plugins/com.st.stm32cube.ide.mcu.externaltools.gnu-tools-for-stm32.9-2020-q2-update.win32_2.0.0.202105311346/tools/bin/../lib/gcc/arm-none-eabi/9.3.1/../../../../arm-none-eabi/lib/thumb/v7e-m+fp/hard\libc_nano.a(lib_a-memset.o)
                              c:/st/stm32cubeide_1.8.0/stm32cubeide/plugins/com.st.stm32cube.ide.mcu.externaltools.gnu-tools-for-stm32.9-2020-q2-update.win32_2.0.0.202105311346/tools/bin/../lib/gcc/arm-none-eabi/9.3.1/../../../../arm-none-eabi/lib/thumb/v7e-m+fp/hard/crt0.o (memset)
c:/st/stm32cubeide_1.8.0/stm32cubeide/plugins/com.st.stm32cube.ide.mcu.externaltools.gnu-tools-for-stm32.9-2020-q2-update.win32_2.0.0.202105311346/tools/bin/../lib/gcc/arm-none-eabi/9.3.1/../../../../arm-none-eabi/lib/thumb/v7e-m+fp/hard\libc_nano.a(lib_a-sprintf.o)
                              ./Core/Src/main.o (sprintf)
c:/st/stm32cubeide_1.8.0/stm32cubeide/plugins/com.st.stm32cube.ide.mcu.externaltools.gnu-tools-for-stm32.9-2020-q2-update.win32_2.0.0.202105311346/tools/bin/../lib/gcc/arm-none-eabi/9.3.1/../../../../arm-none-eabi/lib/thumb/v7e-m+fp/hard\libc_nano.a(lib_a-nano-svfprintf.o)
                              c:/st/stm32cubeide_1.8.0/stm32cubeide/plugins/com.st.stm32cube.ide.mcu.externaltools.gnu-tools-for-stm32.9-2020-q2-update.win32_2.0.0.202105311346/tools/bin/../lib/gcc/arm-none-eabi/9.3.1/../../../../arm-none-eabi/lib/thumb/v7e-m+fp/hard\libc_nano.a(lib_a-sprintf.o) (_svfprintf_r)
c:/st/stm32cubeide_1.8.0/stm32cubeide/plugins/com.st.stm32cube.ide.mcu.externaltools.gnu-tools-for-stm32.9-2020-q2-update.win32_2.0.0.202105311346/tools/bin/../lib/gcc/arm-none-eabi/9.3.1/../../../../arm-none-eabi/lib/thumb/v7e-m+fp/hard\libc_nano.a(lib_a-nano-vfprintf_i.o)
                              c:/st/stm32cubeide_1.8.0/stm32cubeide/plugins/com.st.stm32cube.ide.mcu.externaltools.gnu-tools-for-stm32.9-2020-q2-update.win32_2.0.0.202105311346/tools/bin/../lib/gcc/arm-none-eabi/9.3.1/../../../../arm-none-eabi/lib/thumb/v7e-m+fp/hard\libc_nano.a(lib_a-nano-svfprintf.o) (_printf_i)
c:/st/stm32cubeide_1.8.0/stm32cubeide/plugins/com.st.stm32cube.ide.mcu.externaltools.gnu-tools-for-stm32.9-2020-q2-update.win32_2.0.0.202105311346/tools/bin/../lib/gcc/arm-none-eabi/9.3.1/../../../../arm-none-eabi/lib/thumb/v7e-m+fp/hard\libc_nano.a(lib_a-memchr.o)
                              c:/st/stm32cubeide_1.8.0/stm32cubeide/plugins/com.st.stm32cube.ide.mcu.externaltools.gnu-tools-for-stm32.9-2020-q2-update.win32_2.0.0.202105311346/tools/bin/../lib/gcc/arm-none-eabi/9.3.1/../../../../arm-none-eabi/lib/thumb/v7e-m+fp/hard\libc_nano.a(lib_a-nano-svfprintf.o) (memchr)
c:/st/stm32cubeide_1.8.0/stm32cubeide/plugins/com.st.stm32cube.ide.mcu.externaltools.gnu-tools-for-stm32.9-2020-q2-update.win32_2.0.0.202105311346/tools/bin/../lib/gcc/arm-none-eabi/9.3.1/../../../../arm-none-eabi/lib/thumb/v7e-m+fp/hard\libc_nano.a(lib_a-memcpy-stub.o)
[...]
Memory Configuration

Name             Origin             Length             Attributes
RAM              0x0000000020000000 0x0000000000010000 xrw
RAM2             0x0000000010000000 0x0000000000004000 xrw
FLASH            0x0000000008000000 0x0000000000040000 xr
*default*        0x0000000000000000 0xffffffffffffffff

Linker script and memory map

LOAD c:/st/stm32cubeide_1.8.0/stm32cubeide/plugins/com.st.stm32cube.ide.mcu.externaltools.gnu-tools-for-stm32.9-2020-q2-update.win32_2.0.0.202105311346/tools/bin/../lib/gcc/arm-none-eabi/9.3.1/thumb/v7e-m+fp/hard/crti.o
LOAD c:/st/stm32cubeide_1.8.0/stm32cubeide/plugins/com.st.stm32cube.ide.mcu.externaltools.gnu-tools-for-stm32.9-2020-q2-update.win32_2.0.0.202105311346/tools/bin/../lib/gcc/arm-none-eabi/9.3.1/thumb/v7e-m+fp/hard/crtbegin.o
LOAD c:/st/stm32cubeide_1.8.0/stm32cubeide/plugins/com.st.stm32cube.ide.mcu.externaltools.gnu-tools-for-stm32.9-2020-q2-update.win32_2.0.0.202105311346/tools/bin/../lib/gcc/arm-none-eabi/9.3.1/../../../../arm-none-eabi/lib/thumb/v7e-m+fp/hard/crt0.o
LOAD ./Core/Src/main.o
LOAD ./Core/Src/stm32l4xx_hal_msp.o
LOAD ./Core/Src/stm32l4xx_it.o
LOAD ./Core/Src/syscalls.o
LOAD ./Core/Src/sysmem.o
LOAD ./Core/Src/system_stm32l4xx.o
LOAD ./Core/Startup/startup_stm32l432kcux.o
LOAD ./Drivers/STM32L4xx_HAL_Driver/Src/stm32l4xx_hal.o
LOAD ./Drivers/STM32L4xx_HAL_Driver/Src/stm32l4xx_hal_cortex.o
LOAD ./Drivers/STM32L4xx_HAL_Driver/Src/stm32l4xx_hal_dma.o
LOAD ./Drivers/STM32L4xx_HAL_Driver/Src/stm32l4xx_hal_dma_ex.o
LOAD ./Drivers/STM32L4xx_HAL_Driver/Src/stm32l4xx_hal_exti.o
LOAD ./Drivers/STM32L4xx_HAL_Driver/Src/stm32l4xx_hal_flash.o
LOAD ./Drivers/STM32L4xx_HAL_Driver/Src/stm32l4xx_hal_flash_ex.o
LOAD ./Drivers/STM32L4xx_HAL_Driver/Src/stm32l4xx_hal_flash_ramfunc.o
LOAD ./Drivers/STM32L4xx_HAL_Driver/Src/stm32l4xx_hal_gpio.o
LOAD ./Drivers/STM32L4xx_HAL_Driver/Src/stm32l4xx_hal_i2c.o
LOAD ./Drivers/STM32L4xx_HAL_Driver/Src/stm32l4xx_hal_i2c_ex.o
LOAD ./Drivers/STM32L4xx_HAL_Driver/Src/stm32l4xx_hal_pwr.o
LOAD ./Drivers/STM32L4xx_HAL_Driver/Src/stm32l4xx_hal_pwr_ex.o
LOAD ./Drivers/STM32L4xx_HAL_Driver/Src/stm32l4xx_hal_rcc.o
LOAD ./Drivers/STM32L4xx_HAL_Driver/Src/stm32l4xx_hal_rcc_ex.o
LOAD ./Drivers/STM32L4xx_HAL_Driver/Src/stm32l4xx_hal_tim.o
LOAD ./Drivers/STM32L4xx_HAL_Driver/Src/stm32l4xx_hal_tim_ex.o
LOAD ./Drivers/STM32L4xx_HAL_Driver/Src/stm32l4xx_hal_uart.o
LOAD ./Drivers/STM32L4xx_HAL_Driver/Src/stm32l4xx_hal_uart_ex.o
START GROUP
LOAD c:/st/stm32cubeide_1.8.0/stm32cubeide/plugins/com.st.stm32cube.ide.mcu.externaltools.gnu-tools-for-stm32.9-2020-q2-update.win32_2.0.0.202105311346/tools/bin/../lib/gcc/arm-none-eabi/9.3.1/../../../../arm-none-eabi/lib/thumb/v7e-m+fp/hard\libc_nano.a
LOAD c:/st/stm32cubeide_1.8.0/stm32cubeide/plugins/com.st.stm32cube.ide.mcu.externaltools.gnu-tools-for-stm32.9-2020-q2-update.win32_2.0.0.202105311346/tools/bin/../lib/gcc/arm-none-eabi/9.3.1/../../../../arm-none-eabi/lib/thumb/v7e-m+fp/hard\libm.a
END GROUP
START GROUP
LOAD c:/st/stm32cubeide_1.8.0/stm32cubeide/plugins/com.st.stm32cube.ide.mcu.externaltools.gnu-tools-for-stm32.9-2020-q2-update.win32_2.0.0.202105311346/tools/bin/../lib/gcc/arm-none-eabi/9.3.1/thumb/v7e-m+fp/hard\libgcc.a
LOAD c:/st/stm32cubeide_1.8.0/stm32cubeide/plugins/com.st.stm32cube.ide.mcu.externaltools.gnu-tools-for-stm32.9-2020-q2-update.win32_2.0.0.202105311346/tools/bin/../lib/gcc/arm-none-eabi/9.3.1/../../../../arm-none-eabi/lib/thumb/v7e-m+fp/hard\libc_nano.a
END GROUP
START GROUP
LOAD c:/st/stm32cubeide_1.8.0/stm32cubeide/plugins/com.st.stm32cube.ide.mcu.externaltools.gnu-tools-for-stm32.9-2020-q2-update.win32_2.0.0.202105311346/tools/bin/../lib/gcc/arm-none-eabi/9.3.1/thumb/v7e-m+fp/hard\libgcc.a
LOAD c:/st/stm32cubeide_1.8.0/stm32cubeide/plugins/com.st.stm32cube.ide.mcu.externaltools.gnu-tools-for-stm32.9-2020-q2-update.win32_2.0.0.202105311346/tools/bin/../lib/gcc/arm-none-eabi/9.3.1/../../../../arm-none-eabi/lib/thumb/v7e-m+fp/hard\libc_nano.a
LOAD c:/st/stm32cubeide_1.8.0/stm32cubeide/plugins/com.st.stm32cube.ide.mcu.externaltools.gnu-tools-for-stm32.9-2020-q2-update.win32_2.0.0.202105311346/tools/bin/../lib/gcc/arm-none-eabi/9.3.1/../../../../arm-none-eabi/lib/thumb/v7e-m+fp/hard\libnosys.a
END GROUP
START GROUP
LOAD c:/st/stm32cubeide_1.8.0/stm32cubeide/plugins/com.st.stm32cube.ide.mcu.externaltools.gnu-tools-for-stm32.9-2020-q2-update.win32_2.0.0.202105311346/tools/bin/../lib/gcc/arm-none-eabi/9.3.1/thumb/v7e-m+fp/hard\libgcc.a
LOAD c:/st/stm32cubeide_1.8.0/stm32cubeide/plugins/com.st.stm32cube.ide.mcu.externaltools.gnu-tools-for-stm32.9-2020-q2-update.win32_2.0.0.202105311346/tools/bin/../lib/gcc/arm-none-eabi/9.3.1/../../../../arm-none-eabi/lib/thumb/v7e-m+fp/hard\libc_nano.a
LOAD c:/st/stm32cubeide_1.8.0/stm32cubeide/plugins/com.st.stm32cube.ide.mcu.externaltools.gnu-tools-for-stm32.9-2020-q2-update.win32_2.0.0.202105311346/tools/bin/../lib/gcc/arm-none-eabi/9.3.1/../../../../arm-none-eabi/lib/thumb/v7e-m+fp/hard\libnosys.a
END GROUP
LOAD c:/st/stm32cubeide_1.8.0/stm32cubeide/plugins/com.st.stm32cube.ide.mcu.externaltools.gnu-tools-for-stm32.9-2020-q2-update.win32_2.0.0.202105311346/tools/bin/../lib/gcc/arm-none-eabi/9.3.1/thumb/v7e-m+fp/hard/crtend.o
LOAD c:/st/stm32cubeide_1.8.0/stm32cubeide/plugins/com.st.stm32cube.ide.mcu.externaltools.gnu-tools-for-stm32.9-2020-q2-update.win32_2.0.0.202105311346/tools/bin/../lib/gcc/arm-none-eabi/9.3.1/thumb/v7e-m+fp/hard/crtn.o
                0x0000000020010000                _estack = (ORIGIN (RAM) + LENGTH (RAM))
                0x0000000000000200                _Min_Heap_Size = 0x200
                0x0000000000000400                _Min_Stack_Size = 0x400

.isr_vector     0x0000000008000000      0x18c
                0x0000000008000000                . = ALIGN (0x4)
 *(.isr_vector)
 .isr_vector    0x0000000008000000      0x18c ./Core/Startup/startup_stm32l432kcux.o
                0x0000000008000000                g_pfnVectors
                0x000000000800018c                . = ALIGN (0x4)

.text           0x0000000008000190     0x3d78
                0x0000000008000190                . = ALIGN (0x4)
 *(.text)
 .text          0x0000000008000190       0x40 c:/st/stm32cubeide_1.8.0/stm32cubeide/plugins/com.st.stm32cube.ide.mcu.externaltools.gnu-tools-for-stm32.9-2020-q2-update.win32_2.0.0.202105311346/tools/bin/../lib/gcc/arm-none-eabi/9.3.1/thumb/v7e-m+fp/hard/crtbegin.o
 .text          0x00000000080001d0       0xa0 c:/st/stm32cubeide_1.8.0/stm32cubeide/plugins/com.st.stm32cube.ide.mcu.externaltools.gnu-tools-for-stm32.9-2020-q2-update.win32_2.0.0.202105311346/tools/bin/../lib/gcc/arm-none-eabi/9.3.1/../../../../arm-none-eabi/lib/thumb/v7e-m+fp/hard\libc_nano.a(lib_a-memchr.o)
                0x00000000080001d0                memchr
 .text          0x0000000008000270       0x30 c:/st/stm32cubeide_1.8.0/stm32cubeide/plugins/com.st.stm32cube.ide.mcu.externaltools.gnu-tools-for-stm32.9-2020-q2-update.win32_2.0.0.202105311346/tools/bin/../lib/gcc/arm-none-eabi/9.3.1/thumb/v7e-m+fp/hard\libgcc.a(_aeabi_uldivmod.o)
                0x0000000008000270                __aeabi_uldivmod
 .text          0x00000000080002a0      0x2c4 c:/st/stm32cubeide_1.8.0/stm32cubeide/plugins/com.st.stm32cube.ide.mcu.externaltools.gnu-tools-for-stm32.9-2020-q2-update.win32_2.0.0.202105311346/tools/bin/../lib/gcc/arm-none-eabi/9.3.1/thumb/v7e-m+fp/hard\libgcc.a(_udivmoddi4.o)
                0x00000000080002a0                __udivmoddi4
 .text          0x0000000008000564        0x4 c:/st/stm32cubeide_1.8.0/stm32cubeide/plugins/com.st.stm32cube.ide.mcu.externaltools.gnu-tools-for-stm32.9-2020-q2-update.win32_2.0.0.202105311346/tools/bin/../lib/gcc/arm-none-eabi/9.3.1/thumb/v7e-m+fp/hard\libgcc.a(_dvmd_tls.o)
                0x0000000008000564                __aeabi_idiv0
                0x0000000008000564                __aeabi_ldiv0
 *(.text*)
 .text.main     0x0000000008000568       0x84 ./Core/Src/main.o
                0x0000000008000568                main
 .text.SystemClock_Config
                0x00000000080005ec       0xc4 ./Core/Src/main.o
                0x00000000080005ec                SystemClock_Config
 .text.MX_USART1_UART_Init
                0x00000000080006b0       0x60 ./Core/Src/main.o
 .text.MX_USART2_UART_Init
                0x0000000008000710       0x60 ./Core/Src/main.o
 .text.MX_GPIO_Init
                0x0000000008000770       0x94 ./Core/Src/main.o
 .text.Error_Handler
                0x0000000008000804        0xa ./Core/Src/main.o
                0x0000000008000804                Error_Handler
 *fill*         0x000000000800080e        0x2 
 .text.HAL_MspInit
                0x0000000008000810       0x48 ./Core/Src/stm32l4xx_hal_msp.o
                0x0000000008000810                HAL_MspInit
 .text.HAL_UART_MspInit
                0x0000000008000858      0x164 ./Core/Src/stm32l4xx_hal_msp.o
                0x0000000008000858                HAL_UART_MspInit
 .text.NMI_Handler
                0x00000000080009bc        0x6 ./Core/Src/stm32l4xx_it.o
                0x00000000080009bc                NMI_Handler
 .text.HardFault_Handler
                0x00000000080009c2        0x6 ./Core/Src/stm32l4xx_it.o
                0x00000000080009c2                HardFault_Handler
 .text.MemManage_Handler
                0x00000000080009c8        0x6 ./Core/Src/stm32l4xx_it.o
                0x00000000080009c8                MemManage_Handler
 .text.BusFault_Handler
                0x00000000080009ce        0x6 ./Core/Src/stm32l4xx_it.o
                0x00000000080009ce                BusFault_Handler
 .text.UsageFault_Handler
                0x00000000080009d4        0x6 ./Core/Src/stm32l4xx_it.o
                0x00000000080009d4                UsageFault_Handler
 .text.SVC_Handler
                0x00000000080009da        0xe ./Core/Src/stm32l4xx_it.o
                0x00000000080009da                SVC_Handler
 .text.DebugMon_Handler
                0x00000000080009e8        0xe ./Core/Src/stm32l4xx_it.o
                0x00000000080009e8                DebugMon_Handler
 .text.PendSV_Handler
                0x00000000080009f6        0xe ./Core/Src/stm32l4xx_it.o
                0x00000000080009f6                PendSV_Handler
 .text.SysTick_Handler
                0x0000000008000a04        0xc ./Core/Src/stm32l4xx_it.o
                0x0000000008000a04                SysTick_Handler
 .text.USART1_IRQHandler
                0x0000000008000a10       0x14 ./Core/Src/stm32l4xx_it.o
                0x0000000008000a10                USART1_IRQHandler
 .text._sbrk    0x0000000008000a24       0x6c ./Core/Src/sysmem.o
                0x0000000008000a24                _sbrk
 .text.SystemInit
                0x0000000008000a90       0x24 ./Core/Src/system_stm32l4xx.o
                0x0000000008000a90                SystemInit
 .text.Reset_Handler
                0x0000000008000ab4       0x50 ./Core/Startup/startup_stm32l432kcux.o
                0x0000000008000ab4                Reset_Handler
 .text.Default_Handler
                0x0000000008000b04        0x2 ./Core/Startup/startup_stm32l432kcux.o
                0x0000000008000b04                RTC_Alarm_IRQHandler
                0x0000000008000b04                EXTI2_IRQHandler
                0x0000000008000b04                TIM1_CC_IRQHandler
                0x0000000008000b04                TSC_IRQHandler
                0x0000000008000b04                TAMP_STAMP_IRQHandler
                0x0000000008000b04                EXTI3_IRQHandler
                0x0000000008000b04                LPTIM2_IRQHandler
                0x0000000008000b04                I2C3_ER_IRQHandler
                0x0000000008000b04                EXTI0_IRQHandler
                0x0000000008000b04                CAN1_RX0_IRQHandler
                0x0000000008000b04                FPU_IRQHandler
                0x0000000008000b04                TIM1_UP_TIM16_IRQHandler
                0x0000000008000b04                SPI1_IRQHandler
                0x0000000008000b04                TIM6_DAC_IRQHandler
                0x0000000008000b04                DMA2_Channel2_IRQHandler
                0x0000000008000b04                DMA1_Channel4_IRQHandler
                0x0000000008000b04                ADC1_IRQHandler
                0x0000000008000b04                DMA1_Channel7_IRQHandler
                0x0000000008000b04                CAN1_RX1_IRQHandler
                0x0000000008000b04                DMA2_Channel1_IRQHandler
                0x0000000008000b04                QUADSPI_IRQHandler
                0x0000000008000b04                I2C1_EV_IRQHandler
                0x0000000008000b04                DMA1_Channel6_IRQHandler
                0x0000000008000b04                DMA2_Channel4_IRQHandler
                0x0000000008000b04                RCC_IRQHandler
                0x0000000008000b04                TIM1_TRG_COM_IRQHandler
                0x0000000008000b04                DMA1_Channel1_IRQHandler
                0x0000000008000b04                Default_Handler
                0x0000000008000b04                DMA2_Channel7_IRQHandler
                0x0000000008000b04                EXTI15_10_IRQHandler
                0x0000000008000b04                TIM7_IRQHandler
                0x0000000008000b04                I2C3_EV_IRQHandler
                0x0000000008000b04                USB_IRQHandler
                0x0000000008000b04                EXTI9_5_IRQHandler
                0x0000000008000b04                RTC_WKUP_IRQHandler
                0x0000000008000b04                PVD_PVM_IRQHandler
                0x0000000008000b04                CAN1_TX_IRQHandler
                0x0000000008000b04                DMA2_Channel5_IRQHandler
                0x0000000008000b04                CRS_IRQHandler
                0x0000000008000b04                DMA1_Channel5_IRQHandler
                0x0000000008000b04                EXTI4_IRQHandler
                0x0000000008000b04                RNG_IRQHandler
                0x0000000008000b04                DMA1_Channel3_IRQHandler
                0x0000000008000b04                COMP_IRQHandler
                0x0000000008000b04                WWDG_IRQHandler
                0x0000000008000b04                LPUART1_IRQHandler
                0x0000000008000b04                DMA2_Channel6_IRQHandler
                0x0000000008000b04                TIM2_IRQHandler
                0x0000000008000b04                EXTI1_IRQHandler
                0x0000000008000b04                USART2_IRQHandler
                0x0000000008000b04                DMA1_Channel2_IRQHandler
                0x0000000008000b04                CAN1_SCE_IRQHandler
                0x0000000008000b04                FLASH_IRQHandler
                0x0000000008000b04                SPI3_IRQHandler
                0x0000000008000b04                I2C1_ER_IRQHandler
                0x0000000008000b04                SWPMI1_IRQHandler
                0x0000000008000b04                LPTIM1_IRQHandler
                0x0000000008000b04                SAI1_IRQHandler
                0x0000000008000b04                DMA2_Channel3_IRQHandler
                0x0000000008000b04                TIM1_BRK_TIM15_IRQHandler
 .text.HAL_Init
                0x0000000008000b06       0x30 ./Drivers/STM32L4xx_HAL_Driver/Src/stm32l4xx_hal.o
                0x0000000008000b06                HAL_Init
 *fill*         0x0000000008000b36        0x2 
 .text.HAL_InitTick
                0x0000000008000b38       0x78 ./Drivers/STM32L4xx_HAL_Driver/Src/stm32l4xx_hal.o
                0x0000000008000b38                HAL_InitTick
 .text.HAL_IncTick
                0x0000000008000bb0       0x28 ./Drivers/STM32L4xx_HAL_Driver/Src/stm32l4xx_hal.o
                0x0000000008000bb0                HAL_IncTick
 .text.HAL_GetTick
                0x0000000008000bd8       0x18 ./Drivers/STM32L4xx_HAL_Driver/Src/stm32l4xx_hal.o
                0x0000000008000bd8                HAL_GetTick
 .text.HAL_Delay
                0x0000000008000bf0       0x48 ./Drivers/STM32L4xx_HAL_Driver/Src/stm32l4xx_hal.o
                0x0000000008000bf0                HAL_Delay
 .text.__NVIC_SetPriorityGrouping
                0x0000000008000c38       0x48 ./Drivers/STM32L4xx_HAL_Driver/Src/stm32l4xx_hal_cortex.o
 .text.__NVIC_GetPriorityGrouping
                0x0000000008000c80       0x1c ./Drivers/STM32L4xx_HAL_Driver/Src/stm32l4xx_hal_cortex.o
 .text.__NVIC_EnableIRQ
                0x0000000008000c9c       0x3c ./Drivers/STM32L4xx_HAL_Driver/Src/stm32l4xx_hal_cortex.o
 .text.__NVIC_SetPriority
                0x0000000008000cd8       0x54 ./Drivers/STM32L4xx_HAL_Driver/Src/stm32l4xx_hal_cortex.o
 .text.NVIC_EncodePriority
                0x0000000008000d2c       0x66 ./Drivers/STM32L4xx_HAL_Driver/Src/stm32l4xx_hal_cortex.o
 *fill*         0x0000000008000d92        0x2 
 .text.SysTick_Config
                0x0000000008000d94       0x44 ./Drivers/STM32L4xx_HAL_Driver/Src/stm32l4xx_hal_cortex.o
 .text.HAL_NVIC_SetPriorityGrouping
                0x0000000008000dd8       0x16 ./Drivers/STM32L4xx_HAL_Driver/Src/stm32l4xx_hal_cortex.o
                0x0000000008000dd8                HAL_NVIC_SetPriorityGrouping
 .text.HAL_NVIC_SetPriority
                0x0000000008000dee       0x38 ./Drivers/STM32L4xx_HAL_Driver/Src/stm32l4xx_hal_cortex.o
                0x0000000008000dee                HAL_NVIC_SetPriority
 .text.HAL_NVIC_EnableIRQ
                0x0000000008000e26       0x1c ./Drivers/STM32L4xx_HAL_Driver/Src/stm32l4xx_hal_cortex.o
                0x0000000008000e26                HAL_NVIC_EnableIRQ
 .text.HAL_SYSTICK_Config
                0x0000000008000e42       0x18 ./Drivers/STM32L4xx_HAL_Driver/Src/stm32l4xx_hal_cortex.o
                0x0000000008000e42                HAL_SYSTICK_Config
 .text.HAL_DMA_Abort
                0x0000000008000e5a       0x7c ./Drivers/STM32L4xx_HAL_Driver/Src/stm32l4xx_hal_dma.o
                0x0000000008000e5a                HAL_DMA_Abort
 .text.HAL_DMA_Abort_IT
                0x0000000008000ed6       0x82 ./Drivers/STM32L4xx_HAL_Driver/Src/stm32l4xx_hal_dma.o
                0x0000000008000ed6                HAL_DMA_Abort_IT
 .text.HAL_GPIO_Init
                0x0000000008000f58      0x2d4 ./Drivers/STM32L4xx_HAL_Driver/Src/stm32l4xx_hal_gpio.o
                0x0000000008000f58                HAL_GPIO_Init
 .text.HAL_GPIO_WritePin
                0x000000000800122c       0x30 ./Drivers/STM32L4xx_HAL_Driver/Src/stm32l4xx_hal_gpio.o
                0x000000000800122c                HAL_GPIO_WritePin
 .text.HAL_PWR_EnableBkUpAccess
                0x000000000800125c       0x20 ./Drivers/STM32L4xx_HAL_Driver/Src/stm32l4xx_hal_pwr.o
                0x000000000800125c                HAL_PWR_EnableBkUpAccess
 .text.HAL_PWREx_GetVoltageRange
                0x000000000800127c       0x1c ./Drivers/STM32L4xx_HAL_Driver/Src/stm32l4xx_hal_pwr_ex.o
                0x000000000800127c                HAL_PWREx_GetVoltageRange
 .text.HAL_PWREx_ControlVoltageScaling
                0x0000000008001298       0xac ./Drivers/STM32L4xx_HAL_Driver/Src/stm32l4xx_hal_pwr_ex.o
                0x0000000008001298                HAL_PWREx_ControlVoltageScaling
 .text.HAL_RCC_OscConfig
                0x0000000008001344      0x824 ./Drivers/STM32L4xx_HAL_Driver/Src/stm32l4xx_hal_rcc.o
                0x0000000008001344                HAL_RCC_OscConfig
 .text.HAL_RCC_ClockConfig
                0x0000000008001b68      0x200 ./Drivers/STM32L4xx_HAL_Driver/Src/stm32l4xx_hal_rcc.o
                0x0000000008001b68                HAL_RCC_ClockConfig
 .text.HAL_RCC_GetSysClockFreq
                0x0000000008001d68      0x118 ./Drivers/STM32L4xx_HAL_Driver/Src/stm32l4xx_hal_rcc.o
                0x0000000008001d68                HAL_RCC_GetSysClockFreq
 .text.HAL_RCC_GetHCLKFreq
                0x0000000008001e80       0x18 ./Drivers/STM32L4xx_HAL_Driver/Src/stm32l4xx_hal_rcc.o
                0x0000000008001e80                HAL_RCC_GetHCLKFreq
 .text.HAL_RCC_GetPCLK1Freq
                0x0000000008001e98       0x2c ./Drivers/STM32L4xx_HAL_Driver/Src/stm32l4xx_hal_rcc.o
                0x0000000008001e98                HAL_RCC_GetPCLK1Freq
 .text.HAL_RCC_GetPCLK2Freq
                0x0000000008001ec4       0x2c ./Drivers/STM32L4xx_HAL_Driver/Src/stm32l4xx_hal_rcc.o
                0x0000000008001ec4                HAL_RCC_GetPCLK2Freq
 .text.RCC_SetFlashLatencyFromMSIRange
                0x0000000008001ef0       0xc0 ./Drivers/STM32L4xx_HAL_Driver/Src/stm32l4xx_hal_rcc.o
 .text.HAL_RCCEx_PeriphCLKConfig
                0x0000000008001fb0      0x3e8 ./Drivers/STM32L4xx_HAL_Driver/Src/stm32l4xx_hal_rcc_ex.o
                0x0000000008001fb0                HAL_RCCEx_PeriphCLKConfig
 .text.HAL_RCCEx_EnableMSIPLLMode
                0x0000000008002398       0x20 ./Drivers/STM32L4xx_HAL_Driver/Src/stm32l4xx_hal_rcc_ex.o
                0x0000000008002398                HAL_RCCEx_EnableMSIPLLMode
 .text.RCCEx_PLLSAI1_Config
                0x00000000080023b8      0x1e4 ./Drivers/STM32L4xx_HAL_Driver/Src/stm32l4xx_hal_rcc_ex.o
 .text.HAL_UART_Init
                0x000000000800259c       0x9c ./Drivers/STM32L4xx_HAL_Driver/Src/stm32l4xx_hal_uart.o
                0x000000000800259c                HAL_UART_Init
 .text.HAL_UART_Transmit
                0x0000000008002638      0x128 ./Drivers/STM32L4xx_HAL_Driver/Src/stm32l4xx_hal_uart.o
                0x0000000008002638                HAL_UART_Transmit
 .text.HAL_UART_IRQHandler
                0x0000000008002760      0x5c4 ./Drivers/STM32L4xx_HAL_Driver/Src/stm32l4xx_hal_uart.o
                0x0000000008002760                HAL_UART_IRQHandler
 .text.HAL_UART_TxCpltCallback
                0x0000000008002d24       0x14 ./Drivers/STM32L4xx_HAL_Driver/Src/stm32l4xx_hal_uart.o
                0x0000000008002d24                HAL_UART_TxCpltCallback
 .text.HAL_UART_ErrorCallback
                0x0000000008002d38       0x14 ./Drivers/STM32L4xx_HAL_Driver/Src/stm32l4xx_hal_uart.o
                0x0000000008002d38                HAL_UART_ErrorCallback
 .text.HAL_UARTEx_RxEventCallback
                0x0000000008002d4c       0x18 ./Drivers/STM32L4xx_HAL_Driver/Src/stm32l4xx_hal_uart.o
                0x0000000008002d4c                HAL_UARTEx_RxEventCallback
 .text.UART_SetConfig
                0x0000000008002d64      0x414 ./Drivers/STM32L4xx_HAL_Driver/Src/stm32l4xx_hal_uart.o
                0x0000000008002d64                UART_SetConfig
 .text.UART_AdvFeatureConfig
                0x0000000008003178      0x144 ./Drivers/STM32L4xx_HAL_Driver/Src/stm32l4xx_hal_uart.o
                0x0000000008003178                UART_AdvFeatureConfig
 .text.UART_CheckIdleState
                0x00000000080032bc       0x92 ./Drivers/STM32L4xx_HAL_Driver/Src/stm32l4xx_hal_uart.o
                0x00000000080032bc                UART_CheckIdleState
 .text.UART_WaitOnFlagUntilTimeout
                0x000000000800334e      0x188 ./Drivers/STM32L4xx_HAL_Driver/Src/stm32l4xx_hal_uart.o
                0x000000000800334e                UART_WaitOnFlagUntilTimeout
 .text.UART_EndRxTransfer
                0x00000000080034d6       0xc6 ./Drivers/STM32L4xx_HAL_Driver/Src/stm32l4xx_hal_uart.o
 .text.UART_DMAAbortOnError
                0x000000000800359c       0x2c ./Drivers/STM32L4xx_HAL_Driver/Src/stm32l4xx_hal_uart.o
 .text.UART_EndTransmit_IT
                0x00000000080035c8       0x54 ./Drivers/STM32L4xx_HAL_Driver/Src/stm32l4xx_hal_uart.o
 .text.HAL_UARTEx_WakeupCallback
                0x000000000800361c       0x14 ./Drivers/STM32L4xx_HAL_Driver/Src/stm32l4xx_hal_uart_ex.o
                0x000000000800361c                HAL_UARTEx_WakeupCallback
 .text.__errno  0x0000000008003630        0xc c:/st/stm32cubeide_1.8.0/stm32cubeide/plugins/com.st.stm32cube.ide.mcu.externaltools.gnu-tools-for-stm32.9-2020-q2-update.win32_2.0.0.202105311346/tools/bin/../lib/gcc/arm-none-eabi/9.3.1/../../../../arm-none-eabi/lib/thumb/v7e-m+fp/hard\libc_nano.a(lib_a-errno.o)
                0x0000000008003630                __errno
 .text.__libc_init_array
                0x000000000800363c       0x48 c:/st/stm32cubeide_1.8.0/stm32cubeide/plugins/com.st.stm32cube.ide.mcu.externaltools.gnu-tools-for-stm32.9-2020-q2-update.win32_2.0.0.202105311346/tools/bin/../lib/gcc/arm-none-eabi/9.3.1/../../../../arm-none-eabi/lib/thumb/v7e-m+fp/hard\libc_nano.a(lib_a-init.o)
                0x000000000800363c                __libc_init_array
 .text.memset   0x0000000008003684       0x10 c:/st/stm32cubeide_1.8.0/stm32cubeide/plugins/com.st.stm32cube.ide.mcu.externaltools.gnu-tools-for-stm32.9-2020-q2-update.win32_2.0.0.202105311346/tools/bin/../lib/gcc/arm-none-eabi/9.3.1/../../../../arm-none-eabi/lib/thumb/v7e-m+fp/hard\libc_nano.a(lib_a-memset.o)
                0x0000000008003684                memset
 .text.sprintf  0x0000000008003694       0x40 c:/st/stm32cubeide_1.8.0/stm32cubeide/plugins/com.st.stm32cube.ide.mcu.externaltools.gnu-tools-for-stm32.9-2020-q2-update.win32_2.0.0.202105311346/tools/bin/../lib/gcc/arm-none-eabi/9.3.1/../../../../arm-none-eabi/lib/thumb/v7e-m+fp/hard\libc_nano.a(lib_a-sprintf.o)
                0x0000000008003694                siprintf
                0x0000000008003694                sprintf
 .text.__ssputs_r
                0x00000000080036d4       0xb6 c:/st/stm32cubeide_1.8.0/stm32cubeide/plugins/com.st.stm32cube.ide.mcu.externaltools.gnu-tools-for-stm32.9-2020-q2-update.win32_2.0.0.202105311346/tools/bin/../lib/gcc/arm-none-eabi/9.3.1/../../../../arm-none-eabi/lib/thumb/v7e-m+fp/hard\libc_nano.a(lib_a-nano-svfprintf.o)
                0x00000000080036d4                __ssputs_r
 *fill*         0x000000000800378a        0x2 
 .text._svfprintf_r
                0x000000000800378c      0x200 c:/st/stm32cubeide_1.8.0/stm32cubeide/plugins/com.st.stm32cube.ide.mcu.externaltools.gnu-tools-for-stm32.9-2020-q2-update.win32_2.0.0.202105311346/tools/bin/../lib/gcc/arm-none-eabi/9.3.1/../../../../arm-none-eabi/lib/thumb/v7e-m+fp/hard\libc_nano.a(lib_a-nano-svfprintf.o)
                0x000000000800378c                _svfiprintf_r
                0x000000000800378c                _svfprintf_r
 .text._printf_common
                0x000000000800398c       0xda c:/st/stm32cubeide_1.8.0/stm32cubeide/plugins/com.st.stm32cube.ide.mcu.externaltools.gnu-tools-for-stm32.9-2020-q2-update.win32_2.0.0.202105311346/tools/bin/../lib/gcc/arm-none-eabi/9.3.1/../../../../arm-none-eabi/lib/thumb/v7e-m+fp/hard\libc_nano.a(lib_a-nano-vfprintf_i.o)
                0x000000000800398c                _printf_common
 *fill*         0x0000000008003a66        0x2 
 .text._printf_i
                0x0000000008003a68      0x24c c:/st/stm32cubeide_1.8.0/stm32cubeide/plugins/com.st.stm32cube.ide.mcu.externaltools.gnu-tools-for-stm32.9-2020-q2-update.win32_2.0.0.202105311346/tools/bin/../lib/gcc/arm-none-eabi/9.3.1/../../../../arm-none-eabi/lib/thumb/v7e-m+fp/hard\libc_nano.a(lib_a-nano-vfprintf_i.o)
                0x0000000008003a68                _printf_i
 .text.memcpy   0x0000000008003cb4       0x1c c:/st/stm32cubeide_1.8.0/stm32cubeide/plugins/com.st.stm32cube.ide.mcu.externaltools.gnu-tools-for-stm32.9-2020-q2-update.win32_2.0.0.202105311346/tools/bin/../lib/gcc/arm-none-eabi/9.3.1/../../../../arm-none-eabi/lib/thumb/v7e-m+fp/hard\libc_nano.a(lib_a-memcpy-stub.o)
                0x0000000008003cb4                memcpy
 .text.memmove  0x0000000008003cd0       0x34 c:/st/stm32cubeide_1.8.0/stm32cubeide/plugins/com.st.stm32cube.ide.mcu.externaltools.gnu-tools-for-stm32.9-2020-q2-update.win32_2.0.0.202105311346/tools/bin/../lib/gcc/arm-none-eabi/9.3.1/../../../../arm-none-eabi/lib/thumb/v7e-m+fp/hard\libc_nano.a(lib_a-memmove.o)
                0x0000000008003cd0                memmove
 .text._free_r  0x0000000008003d04       0xa0 c:/st/stm32cubeide_1.8.0/stm32cubeide/plugins/com.st.stm32cube.ide.mcu.externaltools.gnu-tools-for-stm32.9-2020-q2-update.win32_2.0.0.202105311346/tools/bin/../lib/gcc/arm-none-eabi/9.3.1/../../../../arm-none-eabi/lib/thumb/v7e-m+fp/hard\libc_nano.a(lib_a-nano-freer.o)
                0x0000000008003d04                _free_r
 .text._malloc_r
                0x0000000008003da4       0xb4 c:/st/stm32cubeide_1.8.0/stm32cubeide/plugins/com.st.stm32cube.ide.mcu.externaltools.gnu-tools-for-stm32.9-2020-q2-update.win32_2.0.0.202105311346/tools/bin/../lib/gcc/arm-none-eabi/9.3.1/../../../../arm-none-eabi/lib/thumb/v7e-m+fp/hard\libc_nano.a(lib_a-nano-mallocr.o)
                0x0000000008003da4                _malloc_r
 .text._realloc_r
                0x0000000008003e58       0x4c c:/st/stm32cubeide_1.8.0/stm32cubeide/plugins/com.st.stm32cube.ide.mcu.externaltools.gnu-tools-for-stm32.9-2020-q2-update.win32_2.0.0.202105311346/tools/bin/../lib/gcc/arm-none-eabi/9.3.1/../../../../arm-none-eabi/lib/thumb/v7e-m+fp/hard\libc_nano.a(lib_a-nano-reallocr.o)
                0x0000000008003e58                _realloc_r
 .text._sbrk_r  0x0000000008003ea4       0x20 c:/st/stm32cubeide_1.8.0/stm32cubeide/plugins/com.st.stm32cube.ide.mcu.externaltools.gnu-tools-for-stm32.9-2020-q2-update.win32_2.0.0.202105311346/tools/bin/../lib/gcc/arm-none-eabi/9.3.1/../../../../arm-none-eabi/lib/thumb/v7e-m+fp/hard\libc_nano.a(lib_a-sbrkr.o)
                0x0000000008003ea4                _sbrk_r
 .text.__malloc_lock
                0x0000000008003ec4        0xc c:/st/stm32cubeide_1.8.0/stm32cubeide/plugins/com.st.stm32cube.ide.mcu.externaltools.gnu-tools-for-stm32.9-2020-q2-update.win32_2.0.0.202105311346/tools/bin/../lib/gcc/arm-none-eabi/9.3.1/../../../../arm-none-eabi/lib/thumb/v7e-m+fp/hard\libc_nano.a(lib_a-mlock.o)
                0x0000000008003ec4                __malloc_lock
 .text.__malloc_unlock
                0x0000000008003ed0        0xc c:/st/stm32cubeide_1.8.0/stm32cubeide/plugins/com.st.stm32cube.ide.mcu.externaltools.gnu-tools-for-stm32.9-2020-q2-update.win32_2.0.0.202105311346/tools/bin/../lib/gcc/arm-none-eabi/9.3.1/../../../../arm-none-eabi/lib/thumb/v7e-m+fp/hard\libc_nano.a(lib_a-mlock.o)
                0x0000000008003ed0                __malloc_unlock
 .text._malloc_usable_size_r
                0x0000000008003edc       0x10 c:/st/stm32cubeide_1.8.0/stm32cubeide/plugins/com.st.stm32cube.ide.mcu.externaltools.gnu-tools-for-stm32.9-2020-q2-update.win32_2.0.0.202105311346/tools/bin/../lib/gcc/arm-none-eabi/9.3.1/../../../../arm-none-eabi/lib/thumb/v7e-m+fp/hard\libc_nano.a(lib_a-nano-msizer.o)
                0x0000000008003edc                _malloc_usable_size_r
 .text.__retarget_lock_acquire_recursive
                0x0000000008003eec        0x2 c:/st/stm32cubeide_1.8.0/stm32cubeide/plugins/com.st.stm32cube.ide.mcu.externaltools.gnu-tools-for-stm32.9-2020-q2-update.win32_2.0.0.202105311346/tools/bin/../lib/gcc/arm-none-eabi/9.3.1/../../../../arm-none-eabi/lib/thumb/v7e-m+fp/hard\libc_nano.a(lib_a-lock.o)
                0x0000000008003eec                __retarget_lock_acquire_recursive
 .text.__retarget_lock_release_recursive
                0x0000000008003eee        0x2 c:/st/stm32cubeide_1.8.0/stm32cubeide/plugins/com.st.stm32cube.ide.mcu.externaltools.gnu-tools-for-stm32.9-2020-q2-update.win32_2.0.0.202105311346/tools/bin/../lib/gcc/arm-none-eabi/9.3.1/../../../../arm-none-eabi/lib/thumb/v7e-m+fp/hard\libc_nano.a(lib_a-lock.o)
                0x0000000008003eee                __retarget_lock_release_recursive
 *(.glue_7)
 .glue_7        0x0000000008003ef0        0x0 linker stubs
 *(.glue_7t)
 .glue_7t       0x0000000008003ef0        0x0 linker stubs
 *(.eh_frame)
 .eh_frame      0x0000000008003ef0        0x0 c:/st/stm32cubeide_1.8.0/stm32cubeide/plugins/com.st.stm32cube.ide.mcu.externaltools.gnu-tools-for-stm32.9-2020-q2-update.win32_2.0.0.202105311346/tools/bin/../lib/gcc/arm-none-eabi/9.3.1/thumb/v7e-m+fp/hard/crtbegin.o
 *(.init)
 .init          0x0000000008003ef0        0x4 c:/st/stm32cubeide_1.8.0/stm32cubeide/plugins/com.st.stm32cube.ide.mcu.externaltools.gnu-tools-for-stm32.9-2020-q2-update.win32_2.0.0.202105311346/tools/bin/../lib/gcc/arm-none-eabi/9.3.1/thumb/v7e-m+fp/hard/crti.o
                0x0000000008003ef0                _init
 .init          0x0000000008003ef4        0x8 c:/st/stm32cubeide_1.8.0/stm32cubeide/plugins/com.st.stm32cube.ide.mcu.externaltools.gnu-tools-for-stm32.9-2020-q2-update.win32_2.0.0.202105311346/tools/bin/../lib/gcc/arm-none-eabi/9.3.1/thumb/v7e-m+fp/hard/crtn.o
 *(.fini)
 .fini          0x0000000008003efc        0x4 c:/st/stm32cubeide_1.8.0/stm32cubeide/plugins/com.st.stm32cube.ide.mcu.externaltools.gnu-tools-for-stm32.9-2020-q2-update.win32_2.0.0.202105311346/tools/bin/../lib/gcc/arm-none-eabi/9.3.1/thumb/v7e-m+fp/hard/crti.o
                0x0000000008003efc                _fini
 .fini          0x0000000008003f00        0x8 c:/st/stm32cubeide_1.8.0/stm32cubeide/plugins/com.st.stm32cube.ide.mcu.externaltools.gnu-tools-for-stm32.9-2020-q2-update.win32_2.0.0.202105311346/tools/bin/../lib/gcc/arm-none-eabi/9.3.1/thumb/v7e-m+fp/hard/crtn.o
                0x0000000008003f08                . = ALIGN (0x4)
                0x0000000008003f08                _etext = .

.vfp11_veneer   0x0000000008003f08        0x0
 .vfp11_veneer  0x0000000008003f08        0x0 linker stubs

.v4_bx          0x0000000008003f08        0x0
 .v4_bx         0x0000000008003f08        0x0 linker stubs

.iplt           0x0000000008003f08        0x0
 .iplt          0x0000000008003f08        0x0 c:/st/stm32cubeide_1.8.0/stm32cubeide/plugins/com.st.stm32cube.ide.mcu.externaltools.gnu-tools-for-stm32.9-2020-q2-update.win32_2.0.0.202105311346/tools/bin/../lib/gcc/arm-none-eabi/9.3.1/thumb/v7e-m+fp/hard/crtbegin.o

.rodata         0x0000000008003f08       0x80
                0x0000000008003f08                . = ALIGN (0x4)
 *(.rodata)
 .rodata        0x0000000008003f08        0x3 ./Core/Src/main.o
 *(.rodata*)
 *fill*         0x0000000008003f0b        0x1 
 .rodata.AHBPrescTable
                0x0000000008003f0c       0x10 ./Core/Src/system_stm32l4xx.o
                0x0000000008003f0c                AHBPrescTable
 .rodata.APBPrescTable
                0x0000000008003f1c        0x8 ./Core/Src/system_stm32l4xx.o
                0x0000000008003f1c                APBPrescTable
 .rodata.MSIRangeTable
                0x0000000008003f24       0x30 ./Core/Src/system_stm32l4xx.o
                0x0000000008003f24                MSIRangeTable
 .rodata._svfprintf_r.str1.1
                0x0000000008003f54       0x11 c:/st/stm32cubeide_1.8.0/stm32cubeide/plugins/com.st.stm32cube.ide.mcu.externaltools.gnu-tools-for-stm32.9-2020-q2-update.win32_2.0.0.202105311346/tools/bin/../lib/gcc/arm-none-eabi/9.3.1/../../../../arm-none-eabi/lib/thumb/v7e-m+fp/hard\libc_nano.a(lib_a-nano-svfprintf.o)
 .rodata._printf_i.str1.1
                0x0000000008003f65       0x22 c:/st/stm32cubeide_1.8.0/stm32cubeide/plugins/com.st.stm32cube.ide.mcu.externaltools.gnu-tools-for-stm32.9-2020-q2-update.win32_2.0.0.202105311346/tools/bin/../lib/gcc/arm-none-eabi/9.3.1/../../../../arm-none-eabi/lib/thumb/v7e-m+fp/hard\libc_nano.a(lib_a-nano-vfprintf_i.o)
                0x0000000008003f88                . = ALIGN (0x4)
 *fill*         0x0000000008003f87        0x1 

.ARM.extab      0x0000000008003f88        0x0
                0x0000000008003f88                . = ALIGN (0x4)
 *(.ARM.extab* .gnu.linkonce.armextab.*)
                0x0000000008003f88                . = ALIGN (0x4)

.ARM            0x0000000008003f88        0x8
                0x0000000008003f88                . = ALIGN (0x4)
                0x0000000008003f88                __exidx_start = .
 *(.ARM.exidx*)
 .ARM.exidx     0x0000000008003f88        0x8 c:/st/stm32cubeide_1.8.0/stm32cubeide/plugins/com.st.stm32cube.ide.mcu.externaltools.gnu-tools-for-stm32.9-2020-q2-update.win32_2.0.0.202105311346/tools/bin/../lib/gcc/arm-none-eabi/9.3.1/thumb/v7e-m+fp/hard\libgcc.a(_udivmoddi4.o)
                0x0000000008003f90                __exidx_end = .
                0x0000000008003f90                . = ALIGN (0x4)

.rel.dyn        0x0000000008003f90        0x0
 .rel.iplt      0x0000000008003f90        0x0 c:/st/stm32cubeide_1.8.0/stm32cubeide/plugins/com.st.stm32cube.ide.mcu.externaltools.gnu-tools-for-stm32.9-2020-q2-update.win32_2.0.0.202105311346/tools/bin/../lib/gcc/arm-none-eabi/9.3.1/thumb/v7e-m+fp/hard/crtbegin.o

.preinit_array  0x0000000008003f90        0x0
                0x0000000008003f90                . = ALIGN (0x4)
                0x0000000008003f90                PROVIDE (__preinit_array_start = .)
 *(.preinit_array*)
                0x0000000008003f90                PROVIDE (__preinit_array_end = .)
                0x0000000008003f90                . = ALIGN (0x4)

.init_array     0x0000000008003f90        0x4
                0x0000000008003f90                . = ALIGN (0x4)
                0x0000000008003f90                PROVIDE (__init_array_start = .)
 *(SORT_BY_NAME(.init_array.*))
 *(.init_array*)
 .init_array    0x0000000008003f90        0x4 c:/st/stm32cubeide_1.8.0/stm32cubeide/plugins/com.st.stm32cube.ide.mcu.externaltools.gnu-tools-for-stm32.9-2020-q2-update.win32_2.0.0.202105311346/tools/bin/../lib/gcc/arm-none-eabi/9.3.1/thumb/v7e-m+fp/hard/crtbegin.o
                0x0000000008003f94                PROVIDE (__init_array_end = .)
                0x0000000008003f94                . = ALIGN (0x4)

.fini_array     0x0000000008003f94        0x4
                0x0000000008003f94                . = ALIGN (0x4)
                [!provide]                        PROVIDE (__fini_array_start = .)
 *(SORT_BY_NAME(.fini_array.*))
 *(.fini_array*)
 .fini_array    0x0000000008003f94        0x4 c:/st/stm32cubeide_1.8.0/stm32cubeide/plugins/com.st.stm32cube.ide.mcu.externaltools.gnu-tools-for-stm32.9-2020-q2-update.win32_2.0.0.202105311346/tools/bin/../lib/gcc/arm-none-eabi/9.3.1/thumb/v7e-m+fp/hard/crtbegin.o
                [!provide]                        PROVIDE (__fini_array_end = .)
                0x0000000008003f98                . = ALIGN (0x4)
                0x0000000008003f98                _sidata = LOADADDR (.data)

.data           0x0000000020000000       0x70 load address 0x0000000008003f98
                0x0000000020000000                . = ALIGN (0x4)
                0x0000000020000000                _sdata = .
 *(.data)
 *(.data*)
 .data.SystemCoreClock
                0x0000000020000000        0x4 ./Core/Src/system_stm32l4xx.o
                0x0000000020000000                SystemCoreClock
 .data.uwTickPrio
                0x0000000020000004        0x4 ./Drivers/STM32L4xx_HAL_Driver/Src/stm32l4xx_hal.o
                0x0000000020000004                uwTickPrio
 .data.uwTickFreq
                0x0000000020000008        0x1 ./Drivers/STM32L4xx_HAL_Driver/Src/stm32l4xx_hal.o
                0x0000000020000008                uwTickFreq
 *fill*         0x0000000020000009        0x3 
 .data._impure_ptr
                0x000000002000000c        0x4 c:/st/stm32cubeide_1.8.0/stm32cubeide/plugins/com.st.stm32cube.ide.mcu.externaltools.gnu-tools-for-stm32.9-2020-q2-update.win32_2.0.0.202105311346/tools/bin/../lib/gcc/arm-none-eabi/9.3.1/../../../../arm-none-eabi/lib/thumb/v7e-m+fp/hard\libc_nano.a(lib_a-impure.o)
                0x000000002000000c                _impure_ptr
 .data.impure_data
                0x0000000020000010       0x60 c:/st/stm32cubeide_1.8.0/stm32cubeide/plugins/com.st.stm32cube.ide.mcu.externaltools.gnu-tools-for-stm32.9-2020-q2-update.win32_2.0.0.202105311346/tools/bin/../lib/gcc/arm-none-eabi/9.3.1/../../../../arm-none-eabi/lib/thumb/v7e-m+fp/hard\libc_nano.a(lib_a-impure.o)
 *(.RamFunc)
 *(.RamFunc*)
                0x0000000020000070                . = ALIGN (0x4)
                0x0000000020000070                _edata = .

.igot.plt       0x0000000020000070        0x0 load address 0x0000000008004008
 .igot.plt      0x0000000020000070        0x0 c:/st/stm32cubeide_1.8.0/stm32cubeide/plugins/com.st.stm32cube.ide.mcu.externaltools.gnu-tools-for-stm32.9-2020-q2-update.win32_2.0.0.202105311346/tools/bin/../lib/gcc/arm-none-eabi/9.3.1/thumb/v7e-m+fp/hard/crtbegin.o
                0x0000000020000070                . = ALIGN (0x4)

.bss            0x0000000020000070      0x1ac load address 0x0000000008004008
                0x0000000020000070                _sbss = .
                0x0000000020000070                __bss_start__ = _sbss
 *(.bss)
 .bss           0x0000000020000070       0x1c c:/st/stm32cubeide_1.8.0/stm32cubeide/plugins/com.st.stm32cube.ide.mcu.externaltools.gnu-tools-for-stm32.9-2020-q2-update.win32_2.0.0.202105311346/tools/bin/../lib/gcc/arm-none-eabi/9.3.1/thumb/v7e-m+fp/hard/crtbegin.o
 *(.bss*)
 .bss.counter   0x000000002000008c        0x1 ./Core/Src/main.o
                0x000000002000008c                counter
 *fill*         0x000000002000008d        0x3 
 .bss.__sbrk_heap_end
                0x0000000020000090        0x4 ./Core/Src/sysmem.o
 .bss.__malloc_free_list
                0x0000000020000094        0x4 c:/st/stm32cubeide_1.8.0/stm32cubeide/plugins/com.st.stm32cube.ide.mcu.externaltools.gnu-tools-for-stm32.9-2020-q2-update.win32_2.0.0.202105311346/tools/bin/../lib/gcc/arm-none-eabi/9.3.1/../../../../arm-none-eabi/lib/thumb/v7e-m+fp/hard\libc_nano.a(lib_a-nano-mallocr.o)
                0x0000000020000094                __malloc_free_list
 .bss.__malloc_sbrk_start
                0x0000000020000098        0x4 c:/st/stm32cubeide_1.8.0/stm32cubeide/plugins/com.st.stm32cube.ide.mcu.externaltools.gnu-tools-for-stm32.9-2020-q2-update.win32_2.0.0.202105311346/tools/bin/../lib/gcc/arm-none-eabi/9.3.1/../../../../arm-none-eabi/lib/thumb/v7e-m+fp/hard\libc_nano.a(lib_a-nano-mallocr.o)
                0x0000000020000098                __malloc_sbrk_start
 *(COMMON)
 COMMON         0x000000002000009c      0x16c ./Core/Src/main.o
                0x000000002000009c                Rx_data
                0x0000000020000100                huart1
                0x0000000020000184                huart2
 COMMON         0x0000000020000208        0x4 ./Drivers/STM32L4xx_HAL_Driver/Src/stm32l4xx_hal.o
                0x0000000020000208                uwTick
 COMMON         0x000000002000020c        0x4 c:/st/stm32cubeide_1.8.0/stm32cubeide/plugins/com.st.stm32cube.ide.mcu.externaltools.gnu-tools-for-stm32.9-2020-q2-update.win32_2.0.0.202105311346/tools/bin/../lib/gcc/arm-none-eabi/9.3.1/../../../../arm-none-eabi/lib/thumb/v7e-m+fp/hard\libc_nano.a(lib_a-reent.o)
                0x000000002000020c                errno
 COMMON         0x0000000020000210        0x9 c:/st/stm32cubeide_1.8.0/stm32cubeide/plugins/com.st.stm32cube.ide.mcu.externaltools.gnu-tools-for-stm32.9-2020-q2-update.win32_2.0.0.202105311346/tools/bin/../lib/gcc/arm-none-eabi/9.3.1/../../../../arm-none-eabi/lib/thumb/v7e-m+fp/hard\libc_nano.a(lib_a-lock.o)
                0x0000000020000210                __lock___atexit_recursive_mutex
                0x0000000020000211                __lock___arc4random_mutex
                0x0000000020000212                __lock___env_recursive_mutex
                0x0000000020000213                __lock___sinit_recursive_mutex
                0x0000000020000214                __lock___malloc_recursive_mutex
                0x0000000020000215                __lock___at_quick_exit_mutex
                0x0000000020000216                __lock___dd_hash_mutex
                0x0000000020000217                __lock___tz_mutex
                0x0000000020000218                __lock___sfp_recursive_mutex
                0x000000002000021c                . = ALIGN (0x4)
 *fill*         0x0000000020000219        0x3 
                0x000000002000021c                _ebss = .
                0x000000002000021c                __bss_end__ = _ebss

._user_heap_stack
                0x000000002000021c      0x604 load address 0x0000000008004008
                0x0000000020000220                . = ALIGN (0x8)
 *fill*         0x000000002000021c        0x4 
                [!provide]                        PROVIDE (end = .)
                0x0000000020000220                PROVIDE (_end = .)
                0x0000000020000420                . = (. + _Min_Heap_Size)
 *fill*         0x0000000020000220      0x200 
                0x0000000020000820                . = (. + _Min_Stack_Size)
 *fill*         0x0000000020000420      0x400 
                0x0000000020000820                . = ALIGN (0x8)

/DISCARD/
 libc.a(*)
 libm.a(*)
 libgcc.a(*)

.ARM.attributes
                0x0000000000000000       0x30
 *(.ARM.attributes)
 .ARM.attributes
                0x0000000000000000       0x1e c:/st/stm32cubeide_1.8.0/stm32cubeide/plugins/com.st.stm32cube.ide.mcu.externaltools.gnu-tools-for-stm32.9-2020-q2-update.win32_2.0.0.202105311346/tools/bin/../lib/gcc/arm-none-eabi/9.3.1/thumb/v7e-m+fp/hard/crti.o
 .ARM.attributes
                0x000000000000001e       0x34 c:/st/stm32cubeide_1.8.0/stm32cubeide/plugins/com.st.stm32cube.ide.mcu.externaltools.gnu-tools-for-stm32.9-2020-q2-update.win32_2.0.0.202105311346/tools/bin/../lib/gcc/arm-none-eabi/9.3.1/thumb/v7e-m+fp/hard/crtbegin.o
 .ARM.attributes
                0x0000000000000052       0x34 ./Core/Src/main.o
 .ARM.attributes
                0x0000000000000086       0x34 ./Core/Src/stm32l4xx_hal_msp.o
 .ARM.attributes
                0x00000000000000ba       0x34 ./Core/Src/stm32l4xx_it.o
 .ARM.attributes
                0x00000000000000ee       0x34 ./Core/Src/sysmem.o
 .ARM.attributes
                0x0000000000000122       0x34 ./Core/Src/system_stm32l4xx.o
 .ARM.attributes
                0x0000000000000156       0x21 ./Core/Startup/startup_stm32l432kcux.o
 .ARM.attributes
                0x0000000000000177       0x34 ./Drivers/STM32L4xx_HAL_Driver/Src/stm32l4xx_hal.o
 .ARM.attributes
                0x00000000000001ab       0x34 ./Drivers/STM32L4xx_HAL_Driver/Src/stm32l4xx_hal_cortex.o
 .ARM.attributes
                0x00000000000001df       0x34 ./Drivers/STM32L4xx_HAL_Driver/Src/stm32l4xx_hal_dma.o
 .ARM.attributes
                0x0000000000000213       0x34 ./Drivers/STM32L4xx_HAL_Driver/Src/stm32l4xx_hal_gpio.o
 .ARM.attributes
                0x0000000000000247       0x34 ./Drivers/STM32L4xx_HAL_Driver/Src/stm32l4xx_hal_pwr.o
 .ARM.attributes
                0x000000000000027b       0x34 ./Drivers/STM32L4xx_HAL_Driver/Src/stm32l4xx_hal_pwr_ex.o
 .ARM.attributes
                0x00000000000002af       0x34 ./Drivers/STM32L4xx_HAL_Driver/Src/stm32l4xx_hal_rcc.o
 .ARM.attributes
                0x00000000000002e3       0x34 ./Drivers/STM32L4xx_HAL_Driver/Src/stm32l4xx_hal_rcc_ex.o
 .ARM.attributes
                0x0000000000000317       0x34 ./Drivers/STM32L4xx_HAL_Driver/Src/stm32l4xx_hal_uart.o
 .ARM.attributes
                0x000000000000034b       0x34 ./Drivers/STM32L4xx_HAL_Driver/Src/stm32l4xx_hal_uart_ex.o
 .ARM.attributes
                0x000000000000037f       0x34 c:/st/stm32cubeide_1.8.0/stm32cubeide/plugins/com.st.stm32cube.ide.mcu.externaltools.gnu-tools-for-stm32.9-2020-q2-update.win32_2.0.0.202105311346/tools/bin/../lib/gcc/arm-none-eabi/9.3.1/../../../../arm-none-eabi/lib/thumb/v7e-m+fp/hard\libc_nano.a(lib_a-errno.o)
 .ARM.attributes
                0x00000000000003b3       0x32 c:/st/stm32cubeide_1.8.0/stm32cubeide/plugins/com.st.stm32cube.ide.mcu.externaltools.gnu-tools-for-stm32.9-2020-q2-update.win32_2.0.0.202105311346/tools/bin/../lib/gcc/arm-none-eabi/9.3.1/../../../../arm-none-eabi/lib/thumb/v7e-m+fp/hard\libc_nano.a(lib_a-impure.o)
 .ARM.attributes
                0x00000000000003e5       0x34 c:/st/stm32cubeide_1.8.0/stm32cubeide/plugins/com.st.stm32cube.ide.mcu.externaltools.gnu-tools-for-stm32.9-2020-q2-update.win32_2.0.0.202105311346/tools/bin/../lib/gcc/arm-none-eabi/9.3.1/../../../../arm-none-eabi/lib/thumb/v7e-m+fp/hard\libc_nano.a(lib_a-init.o)
 .ARM.attributes
                0x0000000000000419       0x34 c:/st/stm32cubeide_1.8.0/stm32cubeide/plugins/com.st.stm32cube.ide.mcu.externaltools.gnu-tools-for-stm32.9-2020-q2-update.win32_2.0.0.202105311346/tools/bin/../lib/gcc/arm-none-eabi/9.3.1/../../../../arm-none-eabi/lib/thumb/v7e-m+fp/hard\libc_nano.a(lib_a-memset.o)
 .ARM.attributes
                0x000000000000044d       0x34 c:/st/stm32cubeide_1.8.0/stm32cubeide/plugins/com.st.stm32cube.ide.mcu.externaltools.gnu-tools-for-stm32.9-2020-q2-update.win32_2.0.0.202105311346/tools/bin/../lib/gcc/arm-none-eabi/9.3.1/../../../../arm-none-eabi/lib/thumb/v7e-m+fp/hard\libc_nano.a(lib_a-sprintf.o)
 .ARM.attributes
                0x0000000000000481       0x34 c:/st/stm32cubeide_1.8.0/stm32cubeide/plugins/com.st.stm32cube.ide.mcu.externaltools.gnu-tools-for-stm32.9-2020-q2-update.win32_2.0.0.202105311346/tools/bin/../lib/gcc/arm-none-eabi/9.3.1/../../../../arm-none-eabi/lib/thumb/v7e-m+fp/hard\libc_nano.a(lib_a-nano-svfprintf.o)
 .ARM.attributes
                0x00000000000004b5       0x34 c:/st/stm32cubeide_1.8.0/stm32cubeide/plugins/com.st.stm32cube.ide.mcu.externaltools.gnu-tools-for-stm32.9-2020-q2-update.win32_2.0.0.202105311346/tools/bin/../lib/gcc/arm-none-eabi/9.3.1/../../../../arm-none-eabi/lib/thumb/v7e-m+fp/hard\libc_nano.a(lib_a-nano-vfprintf_i.o)
 .ARM.attributes
                0x00000000000004e9       0x1c c:/st/stm32cubeide_1.8.0/stm32cubeide/plugins/com.st.stm32cube.ide.mcu.externaltools.gnu-tools-for-stm32.9-2020-q2-update.win32_2.0.0.202105311346/tools/bin/../lib/gcc/arm-none-eabi/9.3.1/../../../../arm-none-eabi/lib/thumb/v7e-m+fp/hard\libc_nano.a(lib_a-memchr.o)
 .ARM.attributes
                0x0000000000000505       0x34 c:/st/stm32cubeide_1.8.0/stm32cubeide/plugins/com.st.stm32cube.ide.mcu.externaltools.gnu-tools-for-stm32.9-2020-q2-update.win32_2.0.0.202105311346/tools/bin/../lib/gcc/arm-none-eabi/9.3.1/../../../../arm-none-eabi/lib/thumb/v7e-m+fp/hard\libc_nano.a(lib_a-memcpy-stub.o)
 .ARM.attributes
                0x0000000000000539       0x34 c:/st/stm32cubeide_1.8.0/stm32cubeide/plugins/com.st.stm32cube.ide.mcu.externaltools.gnu-tools-for-stm32.9-2020-q2-update.win32_2.0.0.202105311346/tools/bin/../lib/gcc/arm-none-eabi/9.3.1/../../../../arm-none-eabi/lib/thumb/v7e-m+fp/hard\libc_nano.a(lib_a-memmove.o)
 .ARM.attributes
                0x000000000000056d       0x34 c:/st/stm32cubeide_1.8.0/stm32cubeide/plugins/com.st.stm32cube.ide.mcu.externaltools.gnu-tools-for-stm32.9-2020-q2-update.win32_2.0.0.202105311346/tools/bin/../lib/gcc/arm-none-eabi/9.3.1/../../../../arm-none-eabi/lib/thumb/v7e-m+fp/hard\libc_nano.a(lib_a-nano-freer.o)
 .ARM.attributes
                0x00000000000005a1       0x34 c:/st/stm32cubeide_1.8.0/stm32cubeide/plugins/com.st.stm32cube.ide.mcu.externaltools.gnu-tools-for-stm32.9-2020-q2-update.win32_2.0.0.202105311346/tools/bin/../lib/gcc/arm-none-eabi/9.3.1/../../../../arm-none-eabi/lib/thumb/v7e-m+fp/hard\libc_nano.a(lib_a-nano-mallocr.o)
 .ARM.attributes
                0x00000000000005d5       0x34 c:/st/stm32cubeide_1.8.0/stm32cubeide/plugins/com.st.stm32cube.ide.mcu.externaltools.gnu-tools-for-stm32.9-2020-q2-update.win32_2.0.0.202105311346/tools/bin/../lib/gcc/arm-none-eabi/9.3.1/../../../../arm-none-eabi/lib/thumb/v7e-m+fp/hard\libc_nano.a(lib_a-nano-reallocr.o)
 .ARM.attributes
                0x0000000000000609       0x34 c:/st/stm32cubeide_1.8.0/stm32cubeide/plugins/com.st.stm32cube.ide.mcu.externaltools.gnu-tools-for-stm32.9-2020-q2-update.win32_2.0.0.202105311346/tools/bin/../lib/gcc/arm-none-eabi/9.3.1/../../../../arm-none-eabi/lib/thumb/v7e-m+fp/hard\libc_nano.a(lib_a-sbrkr.o)
 .ARM.attributes
                0x000000000000063d       0x34 c:/st/stm32cubeide_1.8.0/stm32cubeide/plugins/com.st.stm32cube.ide.mcu.externaltools.gnu-tools-for-stm32.9-2020-q2-update.win32_2.0.0.202105311346/tools/bin/../lib/gcc/arm-none-eabi/9.3.1/../../../../arm-none-eabi/lib/thumb/v7e-m+fp/hard\libc_nano.a(lib_a-mlock.o)
 .ARM.attributes
                0x0000000000000671       0x34 c:/st/stm32cubeide_1.8.0/stm32cubeide/plugins/com.st.stm32cube.ide.mcu.externaltools.gnu-tools-for-stm32.9-2020-q2-update.win32_2.0.0.202105311346/tools/bin/../lib/gcc/arm-none-eabi/9.3.1/../../../../arm-none-eabi/lib/thumb/v7e-m+fp/hard\libc_nano.a(lib_a-nano-msizer.o)
 .ARM.attributes
                0x00000000000006a5       0x34 c:/st/stm32cubeide_1.8.0/stm32cubeide/plugins/com.st.stm32cube.ide.mcu.externaltools.gnu-tools-for-stm32.9-2020-q2-update.win32_2.0.0.202105311346/tools/bin/../lib/gcc/arm-none-eabi/9.3.1/../../../../arm-none-eabi/lib/thumb/v7e-m+fp/hard\libc_nano.a(lib_a-reent.o)
 .ARM.attributes
                0x00000000000006d9       0x34 c:/st/stm32cubeide_1.8.0/stm32cubeide/plugins/com.st.stm32cube.ide.mcu.externaltools.gnu-tools-for-stm32.9-2020-q2-update.win32_2.0.0.202105311346/tools/bin/../lib/gcc/arm-none-eabi/9.3.1/../../../../arm-none-eabi/lib/thumb/v7e-m+fp/hard\libc_nano.a(lib_a-lock.o)
 .ARM.attributes
                0x000000000000070d       0x1e c:/st/stm32cubeide_1.8.0/stm32cubeide/plugins/com.st.stm32cube.ide.mcu.externaltools.gnu-tools-for-stm32.9-2020-q2-update.win32_2.0.0.202105311346/tools/bin/../lib/gcc/arm-none-eabi/9.3.1/thumb/v7e-m+fp/hard\libgcc.a(_aeabi_uldivmod.o)
 .ARM.attributes
                0x000000000000072b       0x34 c:/st/stm32cubeide_1.8.0/stm32cubeide/plugins/com.st.stm32cube.ide.mcu.externaltools.gnu-tools-for-stm32.9-2020-q2-update.win32_2.0.0.202105311346/tools/bin/../lib/gcc/arm-none-eabi/9.3.1/thumb/v7e-m+fp/hard\libgcc.a(_udivmoddi4.o)
 .ARM.attributes
                0x000000000000075f       0x1e c:/st/stm32cubeide_1.8.0/stm32cubeide/plugins/com.st.stm32cube.ide.mcu.externaltools.gnu-tools-for-stm32.9-2020-q2-update.win32_2.0.0.202105311346/tools/bin/../lib/gcc/arm-none-eabi/9.3.1/thumb/v7e-m+fp/hard\libgcc.a(_dvmd_tls.o)
 .ARM.attributes
                0x000000000000077d       0x1e c:/st/stm32cubeide_1.8.0/stm32cubeide/plugins/com.st.stm32cube.ide.mcu.externaltools.gnu-tools-for-stm32.9-2020-q2-update.win32_2.0.0.202105311346/tools/bin/../lib/gcc/arm-none-eabi/9.3.1/thumb/v7e-m+fp/hard/crtn.o
OUTPUT(send_to_esp32.elf elf32-littlearm)
LOAD linker stubs
LOAD c:/st/stm32cubeide_1.8.0/stm32cubeide/plugins/com.st.stm32cube.ide.mcu.externaltools.gnu-tools-for-stm32.9-2020-q2-update.win32_2.0.0.202105311346/tools/bin/../lib/gcc/arm-none-eabi/9.3.1/../../../../arm-none-eabi/lib/thumb/v7e-m+fp/hard\libc.a
LOAD c:/st/stm32cubeide_1.8.0/stm32cubeide/plugins/com.st.stm32cube.ide.mcu.externaltools.gnu-tools-for-stm32.9-2020-q2-update.win32_2.0.0.202105311346/tools/bin/../lib/gcc/arm-none-eabi/9.3.1/../../../../arm-none-eabi/lib/thumb/v7e-m+fp/hard\libm.a
LOAD c:/st/stm32cubeide_1.8.0/stm32cubeide/plugins/com.st.stm32cube.ide.mcu.externaltools.gnu-tools-for-stm32.9-2020-q2-update.win32_2.0.0.202105311346/tools/bin/../lib/gcc/arm-none-eabi/9.3.1/thumb/v7e-m+fp/hard\libgcc.a

.debug_info     0x0000000000000000     0xecc4
 .debug_info    0x0000000000000000      0xf91 ./Core/Src/main.o
 .debug_info    0x0000000000000f91     0x1000 ./Core/Src/stm32l4xx_hal_msp.o
 .debug_info    0x0000000000001f91      0x928 ./Core/Src/stm32l4xx_it.o
 .debug_info    0x00000000000028b9      0xa25 ./Core/Src/sysmem.o
 .debug_info    0x00000000000032de      0x780 ./Core/Src/system_stm32l4xx.o
 .debug_info    0x0000000000003a5e       0x22 ./Core/Startup/startup_stm32l432kcux.o
 .debug_info    0x0000000000003a80      0xb5e ./Drivers/STM32L4xx_HAL_Driver/Src/stm32l4xx_hal.o
 .debug_info    0x00000000000045de      0xfb0 ./Drivers/STM32L4xx_HAL_Driver/Src/stm32l4xx_hal_cortex.o
 .debug_info    0x000000000000558e      0x973 ./Drivers/STM32L4xx_HAL_Driver/Src/stm32l4xx_hal_dma.o
 .debug_info    0x0000000000005f01      0xa5e ./Drivers/STM32L4xx_HAL_Driver/Src/stm32l4xx_hal_gpio.o
 .debug_info    0x000000000000695f      0xb47 ./Drivers/STM32L4xx_HAL_Driver/Src/stm32l4xx_hal_pwr.o
 .debug_info    0x00000000000074a6      0xb7b ./Drivers/STM32L4xx_HAL_Driver/Src/stm32l4xx_hal_pwr_ex.o
 .debug_info    0x0000000000008021      0xde1 ./Drivers/STM32L4xx_HAL_Driver/Src/stm32l4xx_hal_rcc.o
 .debug_info    0x0000000000008e02     0x1108 ./Drivers/STM32L4xx_HAL_Driver/Src/stm32l4xx_hal_rcc_ex.o
 .debug_info    0x0000000000009f0a     0x3e64 ./Drivers/STM32L4xx_HAL_Driver/Src/stm32l4xx_hal_uart.o
 .debug_info    0x000000000000dd6e      0xf56 ./Drivers/STM32L4xx_HAL_Driver/Src/stm32l4xx_hal_uart_ex.o

.debug_abbrev   0x0000000000000000     0x1fbd
 .debug_abbrev  0x0000000000000000      0x26f ./Core/Src/main.o
 .debug_abbrev  0x000000000000026f      0x1b5 ./Core/Src/stm32l4xx_hal_msp.o
 .debug_abbrev  0x0000000000000424      0x163 ./Core/Src/stm32l4xx_it.o
 .debug_abbrev  0x0000000000000587      0x1bf ./Core/Src/sysmem.o
 .debug_abbrev  0x0000000000000746      0x165 ./Core/Src/system_stm32l4xx.o
 .debug_abbrev  0x00000000000008ab       0x12 ./Core/Startup/startup_stm32l432kcux.o
 .debug_abbrev  0x00000000000008bd      0x20b ./Drivers/STM32L4xx_HAL_Driver/Src/stm32l4xx_hal.o
 .debug_abbrev  0x0000000000000ac8      0x33c ./Drivers/STM32L4xx_HAL_Driver/Src/stm32l4xx_hal_cortex.o
 .debug_abbrev  0x0000000000000e04      0x201 ./Drivers/STM32L4xx_HAL_Driver/Src/stm32l4xx_hal_dma.o
 .debug_abbrev  0x0000000000001005      0x1e8 ./Drivers/STM32L4xx_HAL_Driver/Src/stm32l4xx_hal_gpio.o
 .debug_abbrev  0x00000000000011ed      0x1ab ./Drivers/STM32L4xx_HAL_Driver/Src/stm32l4xx_hal_pwr.o
 .debug_abbrev  0x0000000000001398      0x1f3 ./Drivers/STM32L4xx_HAL_Driver/Src/stm32l4xx_hal_pwr_ex.o
 .debug_abbrev  0x000000000000158b      0x275 ./Drivers/STM32L4xx_HAL_Driver/Src/stm32l4xx_hal_rcc.o
 .debug_abbrev  0x0000000000001800      0x268 ./Drivers/STM32L4xx_HAL_Driver/Src/stm32l4xx_hal_rcc_ex.o
 .debug_abbrev  0x0000000000001a68      0x2b3 ./Drivers/STM32L4xx_HAL_Driver/Src/stm32l4xx_hal_uart.o
 .debug_abbrev  0x0000000000001d1b      0x2a2 ./Drivers/STM32L4xx_HAL_Driver/Src/stm32l4xx_hal_uart_ex.o

.debug_aranges  0x0000000000000000      0xa30
 .debug_aranges
                0x0000000000000000       0x50 ./Core/Src/main.o
 .debug_aranges
                0x0000000000000050       0x30 ./Core/Src/stm32l4xx_hal_msp.o
 .debug_aranges
                0x0000000000000080       0x68 ./Core/Src/stm32l4xx_it.o
 .debug_aranges
                0x00000000000000e8       0x20 ./Core/Src/sysmem.o
 .debug_aranges
                0x0000000000000108       0x28 ./Core/Src/system_stm32l4xx.o
 .debug_aranges
                0x0000000000000130       0x28 ./Core/Startup/startup_stm32l432kcux.o
 .debug_aranges
                0x0000000000000158      0x108 ./Drivers/STM32L4xx_HAL_Driver/Src/stm32l4xx_hal.o
 .debug_aranges
                0x0000000000000260      0x118 ./Drivers/STM32L4xx_HAL_Driver/Src/stm32l4xx_hal_cortex.o
 .debug_aranges
                0x0000000000000378       0x80 ./Drivers/STM32L4xx_HAL_Driver/Src/stm32l4xx_hal_dma.o
 .debug_aranges
                0x00000000000003f8       0x58 ./Drivers/STM32L4xx_HAL_Driver/Src/stm32l4xx_hal_gpio.o
 .debug_aranges
                0x0000000000000450       0x98 ./Drivers/STM32L4xx_HAL_Driver/Src/stm32l4xx_hal_pwr.o
 .debug_aranges
                0x00000000000004e8      0x128 ./Drivers/STM32L4xx_HAL_Driver/Src/stm32l4xx_hal_pwr_ex.o
 .debug_aranges
                0x0000000000000610       0x90 ./Drivers/STM32L4xx_HAL_Driver/Src/stm32l4xx_hal_rcc.o
 .debug_aranges
                0x00000000000006a0       0xf0 ./Drivers/STM32L4xx_HAL_Driver/Src/stm32l4xx_hal_rcc_ex.o
 .debug_aranges
                0x0000000000000790      0x228 ./Drivers/STM32L4xx_HAL_Driver/Src/stm32l4xx_hal_uart.o
 .debug_aranges
                0x00000000000009b8       0x78 ./Drivers/STM32L4xx_HAL_Driver/Src/stm32l4xx_hal_uart_ex.o

.debug_ranges   0x0000000000000000      0x968
 .debug_ranges  0x0000000000000000       0x40 ./Core/Src/main.o
 .debug_ranges  0x0000000000000040       0x20 ./Core/Src/stm32l4xx_hal_msp.o
 .debug_ranges  0x0000000000000060       0x58 ./Core/Src/stm32l4xx_it.o
 .debug_ranges  0x00000000000000b8       0x10 ./Core/Src/sysmem.o
 .debug_ranges  0x00000000000000c8       0x18 ./Core/Src/system_stm32l4xx.o
 .debug_ranges  0x00000000000000e0       0x20 ./Core/Startup/startup_stm32l432kcux.o
 .debug_ranges  0x0000000000000100       0xf8 ./Drivers/STM32L4xx_HAL_Driver/Src/stm32l4xx_hal.o
 .debug_ranges  0x00000000000001f8      0x108 ./Drivers/STM32L4xx_HAL_Driver/Src/stm32l4xx_hal_cortex.o
 .debug_ranges  0x0000000000000300       0x70 ./Drivers/STM32L4xx_HAL_Driver/Src/stm32l4xx_hal_dma.o
 .debug_ranges  0x0000000000000370       0x48 ./Drivers/STM32L4xx_HAL_Driver/Src/stm32l4xx_hal_gpio.o
 .debug_ranges  0x00000000000003b8       0x88 ./Drivers/STM32L4xx_HAL_Driver/Src/stm32l4xx_hal_pwr.o
 .debug_ranges  0x0000000000000440      0x118 ./Drivers/STM32L4xx_HAL_Driver/Src/stm32l4xx_hal_pwr_ex.o
 .debug_ranges  0x0000000000000558       0x80 ./Drivers/STM32L4xx_HAL_Driver/Src/stm32l4xx_hal_rcc.o
 .debug_ranges  0x00000000000005d8       0xe0 ./Drivers/STM32L4xx_HAL_Driver/Src/stm32l4xx_hal_rcc_ex.o
 .debug_ranges  0x00000000000006b8      0x248 ./Drivers/STM32L4xx_HAL_Driver/Src/stm32l4xx_hal_uart.o
 .debug_ranges  0x0000000000000900       0x68 ./Drivers/STM32L4xx_HAL_Driver/Src/stm32l4xx_hal_uart_ex.o

.debug_macro    0x0000000000000000    0x1f8b8
 .debug_macro   0x0000000000000000      0x1d4 ./Core/Src/main.o
 .debug_macro   0x00000000000001d4      0xaa8 ./Core/Src/main.o
 .debug_macro   0x0000000000000c7c      0x1a7 ./Core/Src/main.o
 .debug_macro   0x0000000000000e23       0x2e ./Core/Src/main.o
 .debug_macro   0x0000000000000e51       0x28 ./Core/Src/main.o
 .debug_macro   0x0000000000000e79       0x22 ./Core/Src/main.o
 .debug_macro   0x0000000000000e9b       0x8e ./Core/Src/main.o
 .debug_macro   0x0000000000000f29       0x51 ./Core/Src/main.o
 .debug_macro   0x0000000000000f7a      0x103 ./Core/Src/main.o
 .debug_macro   0x000000000000107d       0x6a ./Core/Src/main.o
 .debug_macro   0x00000000000010e7      0x1df ./Core/Src/main.o
 .debug_macro   0x00000000000012c6       0x1c ./Core/Src/main.o
 .debug_macro   0x00000000000012e2       0x22 ./Core/Src/main.o
 .debug_macro   0x0000000000001304      0x101 ./Core/Src/main.o
 .debug_macro   0x0000000000001405     0x1011 ./Core/Src/main.o
 .debug_macro   0x0000000000002416      0x11f ./Core/Src/main.o
 .debug_macro   0x0000000000002535    0x147a6 ./Core/Src/main.o
 .debug_macro   0x0000000000016cdb       0x6d ./Core/Src/main.o
 .debug_macro   0x0000000000016d48     0x38e6 ./Core/Src/main.o
 .debug_macro   0x000000000001a62e      0x174 ./Core/Src/main.o
 .debug_macro   0x000000000001a7a2       0x5c ./Core/Src/main.o
 .debug_macro   0x000000000001a7fe     0x11ca ./Core/Src/main.o
 .debug_macro   0x000000000001b9c8      0x53c ./Core/Src/main.o
 .debug_macro   0x000000000001bf04      0x1b9 ./Core/Src/main.o
 .debug_macro   0x000000000001c0bd      0x122 ./Core/Src/main.o
 .debug_macro   0x000000000001c1df      0x26b ./Core/Src/main.o
 .debug_macro   0x000000000001c44a      0x23d ./Core/Src/main.o
 .debug_macro   0x000000000001c687      0x241 ./Core/Src/main.o
 .debug_macro   0x000000000001c8c8      0x375 ./Core/Src/main.o
 .debug_macro   0x000000000001cc3d       0xd6 ./Core/Src/main.o
 .debug_macro   0x000000000001cd13      0x22c ./Core/Src/main.o
 .debug_macro   0x000000000001cf3f       0x61 ./Core/Src/main.o
 .debug_macro   0x000000000001cfa0       0xa5 ./Core/Src/main.o
 .debug_macro   0x000000000001d045      0x122 ./Core/Src/main.o
 .debug_macro   0x000000000001d167      0x356 ./Core/Src/main.o
 .debug_macro   0x000000000001d4bd      0x5ba ./Core/Src/main.o
 .debug_macro   0x000000000001da77       0x44 ./Core/Src/main.o
 .debug_macro   0x000000000001dabb      0x220 ./Core/Src/main.o
 .debug_macro   0x000000000001dcdb       0x4c ./Core/Src/main.o
 .debug_macro   0x000000000001dd27      0x1d4 ./Core/Src/stm32l4xx_hal_msp.o
 .debug_macro   0x000000000001defb      0x1de ./Core/Src/stm32l4xx_it.o
 .debug_macro   0x000000000001e0d9       0xff ./Core/Src/sysmem.o
 .debug_macro   0x000000000001e1d8      0x23b ./Core/Src/sysmem.o
 .debug_macro   0x000000000001e413      0x1c5 ./Core/Src/system_stm32l4xx.o
 .debug_macro   0x000000000001e5d8      0x20d ./Drivers/STM32L4xx_HAL_Driver/Src/stm32l4xx_hal.o
 .debug_macro   0x000000000001e7e5      0x1c5 ./Drivers/STM32L4xx_HAL_Driver/Src/stm32l4xx_hal_cortex.o
 .debug_macro   0x000000000001e9aa      0x1c5 ./Drivers/STM32L4xx_HAL_Driver/Src/stm32l4xx_hal_dma.o
 .debug_macro   0x000000000001eb6f      0x1cc ./Drivers/STM32L4xx_HAL_Driver/Src/stm32l4xx_hal_gpio.o
 .debug_macro   0x000000000001ed3b      0x1dd ./Drivers/STM32L4xx_HAL_Driver/Src/stm32l4xx_hal_pwr.o
 .debug_macro   0x000000000001ef18      0x1e9 ./Drivers/STM32L4xx_HAL_Driver/Src/stm32l4xx_hal_pwr_ex.o
 .debug_macro   0x000000000001f101      0x207 ./Drivers/STM32L4xx_HAL_Driver/Src/stm32l4xx_hal_rcc.o
 .debug_macro   0x000000000001f308      0x1fb ./Drivers/STM32L4xx_HAL_Driver/Src/stm32l4xx_hal_rcc_ex.o
 .debug_macro   0x000000000001f503      0x1f0 ./Drivers/STM32L4xx_HAL_Driver/Src/stm32l4xx_hal_uart.o
 .debug_macro   0x000000000001f6f3      0x1c5 ./Drivers/STM32L4xx_HAL_Driver/Src/stm32l4xx_hal_uart_ex.o

.debug_line     0x0000000000000000     0xc5f7
 .debug_line    0x0000000000000000      0x83e ./Core/Src/main.o
 .debug_line    0x000000000000083e      0x778 ./Core/Src/stm32l4xx_hal_msp.o
 .debug_line    0x0000000000000fb6      0x7a2 ./Core/Src/stm32l4xx_it.o
 .debug_line    0x0000000000001758      0x4f8 ./Core/Src/sysmem.o
 .debug_line    0x0000000000001c50      0x75d ./Core/Src/system_stm32l4xx.o
 .debug_line    0x00000000000023ad       0x88 ./Core/Startup/startup_stm32l432kcux.o
 .debug_line    0x0000000000002435      0xa24 ./Drivers/STM32L4xx_HAL_Driver/Src/stm32l4xx_hal.o
 .debug_line    0x0000000000002e59      0xc5e ./Drivers/STM32L4xx_HAL_Driver/Src/stm32l4xx_hal_cortex.o
 .debug_line    0x0000000000003ab7      0xc96 ./Drivers/STM32L4xx_HAL_Driver/Src/stm32l4xx_hal_dma.o
 .debug_line    0x000000000000474d      0xaae ./Drivers/STM32L4xx_HAL_Driver/Src/stm32l4xx_hal_gpio.o
 .debug_line    0x00000000000051fb      0x894 ./Drivers/STM32L4xx_HAL_Driver/Src/stm32l4xx_hal_pwr.o
 .debug_line    0x0000000000005a8f      0xbaa ./Drivers/STM32L4xx_HAL_Driver/Src/stm32l4xx_hal_pwr_ex.o
 .debug_line    0x0000000000006639      0xf6e ./Drivers/STM32L4xx_HAL_Driver/Src/stm32l4xx_hal_rcc.o
 .debug_line    0x00000000000075a7     0x1289 ./Drivers/STM32L4xx_HAL_Driver/Src/stm32l4xx_hal_rcc_ex.o
 .debug_line    0x0000000000008830     0x31c7 ./Drivers/STM32L4xx_HAL_Driver/Src/stm32l4xx_hal_uart.o
 .debug_line    0x000000000000b9f7      0xc00 ./Drivers/STM32L4xx_HAL_Driver/Src/stm32l4xx_hal_uart_ex.o

.debug_str      0x0000000000000000    0xbf80d
 .debug_str     0x0000000000000000    0xba85b ./Core/Src/main.o
                                      0xbab81 (size before relaxing)
 .debug_str     0x00000000000ba85b      0x56a ./Core/Src/stm32l4xx_hal_msp.o
                                      0xbaf0e (size before relaxing)
 .debug_str     0x00000000000badc5       0xcf ./Core/Src/stm32l4xx_it.o
                                      0xba864 (size before relaxing)
 .debug_str     0x00000000000bae94     0x221e ./Core/Src/sysmem.o
                                       0x62a5 (size before relaxing)
 .debug_str     0x00000000000bd0b2       0xb8 ./Core/Src/system_stm32l4xx.o
                                      0xba4a2 (size before relaxing)
 .debug_str     0x00000000000bd16a       0x36 ./Core/Startup/startup_stm32l432kcux.o
                                         0x76 (size before relaxing)
 .debug_str     0x00000000000bd1a0      0x4e4 ./Drivers/STM32L4xx_HAL_Driver/Src/stm32l4xx_hal.o
                                      0xbad9b (size before relaxing)
 .debug_str     0x00000000000bd684      0x389 ./Drivers/STM32L4xx_HAL_Driver/Src/stm32l4xx_hal_cortex.o
                                      0xbabf8 (size before relaxing)
 .debug_str     0x00000000000bda0d      0x258 ./Drivers/STM32L4xx_HAL_Driver/Src/stm32l4xx_hal_dma.o
                                      0xba712 (size before relaxing)
 .debug_str     0x00000000000bdc65      0x161 ./Drivers/STM32L4xx_HAL_Driver/Src/stm32l4xx_hal_gpio.o
                                      0xba662 (size before relaxing)
 .debug_str     0x00000000000bddc6      0x2d9 ./Drivers/STM32L4xx_HAL_Driver/Src/stm32l4xx_hal_pwr.o
                                      0xba7b3 (size before relaxing)
 .debug_str     0x00000000000be09f      0x3fc ./Drivers/STM32L4xx_HAL_Driver/Src/stm32l4xx_hal_pwr_ex.o
                                      0xba960 (size before relaxing)
 .debug_str     0x00000000000be49b      0x3b2 ./Drivers/STM32L4xx_HAL_Driver/Src/stm32l4xx_hal_rcc.o
                                      0xbaa56 (size before relaxing)
 .debug_str     0x00000000000be84d      0x531 ./Drivers/STM32L4xx_HAL_Driver/Src/stm32l4xx_hal_rcc_ex.o
                                      0xbacb1 (size before relaxing)
 .debug_str     0x00000000000bed7e      0x8b2 ./Drivers/STM32L4xx_HAL_Driver/Src/stm32l4xx_hal_uart.o
                                      0xbb124 (size before relaxing)
 .debug_str     0x00000000000bf630      0x1dd ./Drivers/STM32L4xx_HAL_Driver/Src/stm32l4xx_hal_uart_ex.o
                                      0xba932 (size before relaxing)

.comment        0x0000000000000000       0x53
 .comment       0x0000000000000000       0x53 ./Core/Src/main.o
                                         0x54 (size before relaxing)
 .comment       0x0000000000000053       0x54 ./Core/Src/stm32l4xx_hal_msp.o
 .comment       0x0000000000000053       0x54 ./Core/Src/stm32l4xx_it.o
 .comment       0x0000000000000053       0x54 ./Core/Src/sysmem.o
 .comment       0x0000000000000053       0x54 ./Core/Src/system_stm32l4xx.o
 .comment       0x0000000000000053       0x54 ./Drivers/STM32L4xx_HAL_Driver/Src/stm32l4xx_hal.o
 .comment       0x0000000000000053       0x54 ./Drivers/STM32L4xx_HAL_Driver/Src/stm32l4xx_hal_cortex.o
 .comment       0x0000000000000053       0x54 ./Drivers/STM32L4xx_HAL_Driver/Src/stm32l4xx_hal_dma.o
 .comment       0x0000000000000053       0x54 ./Drivers/STM32L4xx_HAL_Driver/Src/stm32l4xx_hal_gpio.o
 .comment       0x0000000000000053       0x54 ./Drivers/STM32L4xx_HAL_Driver/Src/stm32l4xx_hal_pwr.o
 .comment       0x0000000000000053       0x54 ./Drivers/STM32L4xx_HAL_Driver/Src/stm32l4xx_hal_pwr_ex.o
 .comment       0x0000000000000053       0x54 ./Drivers/STM32L4xx_HAL_Driver/Src/stm32l4xx_hal_rcc.o
 .comment       0x0000000000000053       0x54 ./Drivers/STM32L4xx_HAL_Driver/Src/stm32l4xx_hal_rcc_ex.o
 .comment       0x0000000000000053       0x54 ./Drivers/STM32L4xx_HAL_Driver/Src/stm32l4xx_hal_uart.o
 .comment       0x0000000000000053       0x54 ./Drivers/STM32L4xx_HAL_Driver/Src/stm32l4xx_hal_uart_ex.o

.debug_frame    0x0000000000000000     0x2c14
 .debug_frame   0x0000000000000000       0xf0 ./Core/Src/main.o
 .debug_frame   0x00000000000000f0       0x84 ./Core/Src/stm32l4xx_hal_msp.o
 .debug_frame   0x0000000000000174      0x120 ./Core/Src/stm32l4xx_it.o
 .debug_frame   0x0000000000000294       0x34 ./Core/Src/sysmem.o
 .debug_frame   0x00000000000002c8       0x58 ./Core/Src/system_stm32l4xx.o
 .debug_frame   0x0000000000000320      0x3dc ./Drivers/STM32L4xx_HAL_Driver/Src/stm32l4xx_hal.o
 .debug_frame   0x00000000000006fc      0x498 ./Drivers/STM32L4xx_HAL_Driver/Src/stm32l4xx_hal_cortex.o
 .debug_frame   0x0000000000000b94      0x204 ./Drivers/STM32L4xx_HAL_Driver/Src/stm32l4xx_hal_dma.o
 .debug_frame   0x0000000000000d98      0x14c ./Drivers/STM32L4xx_HAL_Driver/Src/stm32l4xx_hal_gpio.o
 .debug_frame   0x0000000000000ee4      0x230 ./Drivers/STM32L4xx_HAL_Driver/Src/stm32l4xx_hal_pwr.o
 .debug_frame   0x0000000000001114      0x4a4 ./Drivers/STM32L4xx_HAL_Driver/Src/stm32l4xx_hal_pwr_ex.o
 .debug_frame   0x00000000000015b8      0x21c ./Drivers/STM32L4xx_HAL_Driver/Src/stm32l4xx_hal_rcc.o
 .debug_frame   0x00000000000017d4      0x3d0 ./Drivers/STM32L4xx_HAL_Driver/Src/stm32l4xx_hal_rcc_ex.o
 .debug_frame   0x0000000000001ba4      0x9ec ./Drivers/STM32L4xx_HAL_Driver/Src/stm32l4xx_hal_uart.o
 .debug_frame   0x0000000000002590      0x1e0 ./Drivers/STM32L4xx_HAL_Driver/Src/stm32l4xx_hal_uart_ex.o
 .debug_frame   0x0000000000002770       0x20 c:/st/stm32cubeide_1.8.0/stm32cubeide/plugins/com.st.stm32cube.ide.mcu.externaltools.gnu-tools-for-stm32.9-2020-q2-update.win32_2.0.0.202105311346/tools/bin/../lib/gcc/arm-none-eabi/9.3.1/../../../../arm-none-eabi/lib/thumb/v7e-m+fp/hard\libc_nano.a(lib_a-errno.o)
 .debug_frame   0x0000000000002790       0x2c c:/st/stm32cubeide_1.8.0/stm32cubeide/plugins/com.st.stm32cube.ide.mcu.externaltools.gnu-tools-for-stm32.9-2020-q2-update.win32_2.0.0.202105311346/tools/bin/../lib/gcc/arm-none-eabi/9.3.1/../../../../arm-none-eabi/lib/thumb/v7e-m+fp/hard\libc_nano.a(lib_a-init.o)
 .debug_frame   0x00000000000027bc       0x20 c:/st/stm32cubeide_1.8.0/stm32cubeide/plugins/com.st.stm32cube.ide.mcu.externaltools.gnu-tools-for-stm32.9-2020-q2-update.win32_2.0.0.202105311346/tools/bin/../lib/gcc/arm-none-eabi/9.3.1/../../../../arm-none-eabi/lib/thumb/v7e-m+fp/hard\libc_nano.a(lib_a-memset.o)
 .debug_frame   0x00000000000027dc       0x6c c:/st/stm32cubeide_1.8.0/stm32cubeide/plugins/com.st.stm32cube.ide.mcu.externaltools.gnu-tools-for-stm32.9-2020-q2-update.win32_2.0.0.202105311346/tools/bin/../lib/gcc/arm-none-eabi/9.3.1/../../../../arm-none-eabi/lib/thumb/v7e-m+fp/hard\libc_nano.a(lib_a-sprintf.o)
 .debug_frame   0x0000000000002848       0x90 c:/st/stm32cubeide_1.8.0/stm32cubeide/plugins/com.st.stm32cube.ide.mcu.externaltools.gnu-tools-for-stm32.9-2020-q2-update.win32_2.0.0.202105311346/tools/bin/../lib/gcc/arm-none-eabi/9.3.1/../../../../arm-none-eabi/lib/thumb/v7e-m+fp/hard\libc_nano.a(lib_a-nano-svfprintf.o)
 .debug_frame   0x00000000000028d8       0x60 c:/st/stm32cubeide_1.8.0/stm32cubeide/plugins/com.st.stm32cube.ide.mcu.externaltools.gnu-tools-for-stm32.9-2020-q2-update.win32_2.0.0.202105311346/tools/bin/../lib/gcc/arm-none-eabi/9.3.1/../../../../arm-none-eabi/lib/thumb/v7e-m+fp/hard\libc_nano.a(lib_a-nano-vfprintf_i.o)
 .debug_frame   0x0000000000002938       0x28 c:/st/stm32cubeide_1.8.0/stm32cubeide/plugins/com.st.stm32cube.ide.mcu.externaltools.gnu-tools-for-stm32.9-2020-q2-update.win32_2.0.0.202105311346/tools/bin/../lib/gcc/arm-none-eabi/9.3.1/../../../../arm-none-eabi/lib/thumb/v7e-m+fp/hard\libc_nano.a(lib_a-memcpy-stub.o)
 .debug_frame   0x0000000000002960       0x28 c:/st/stm32cubeide_1.8.0/stm32cubeide/plugins/com.st.stm32cube.ide.mcu.externaltools.gnu-tools-for-stm32.9-2020-q2-update.win32_2.0.0.202105311346/tools/bin/../lib/gcc/arm-none-eabi/9.3.1/../../../../arm-none-eabi/lib/thumb/v7e-m+fp/hard\libc_nano.a(lib_a-memmove.o)
 .debug_frame   0x0000000000002988       0x38 c:/st/stm32cubeide_1.8.0/stm32cubeide/plugins/com.st.stm32cube.ide.mcu.externaltools.gnu-tools-for-stm32.9-2020-q2-update.win32_2.0.0.202105311346/tools/bin/../lib/gcc/arm-none-eabi/9.3.1/../../../../arm-none-eabi/lib/thumb/v7e-m+fp/hard\libc_nano.a(lib_a-nano-freer.o)
 .debug_frame   0x00000000000029c0       0x30 c:/st/stm32cubeide_1.8.0/stm32cubeide/plugins/com.st.stm32cube.ide.mcu.externaltools.gnu-tools-for-stm32.9-2020-q2-update.win32_2.0.0.202105311346/tools/bin/../lib/gcc/arm-none-eabi/9.3.1/../../../../arm-none-eabi/lib/thumb/v7e-m+fp/hard\libc_nano.a(lib_a-nano-mallocr.o)
 .debug_frame   0x00000000000029f0       0x3c c:/st/stm32cubeide_1.8.0/stm32cubeide/plugins/com.st.stm32cube.ide.mcu.externaltools.gnu-tools-for-stm32.9-2020-q2-update.win32_2.0.0.202105311346/tools/bin/../lib/gcc/arm-none-eabi/9.3.1/../../../../arm-none-eabi/lib/thumb/v7e-m+fp/hard\libc_nano.a(lib_a-nano-reallocr.o)
 .debug_frame   0x0000000000002a2c       0x2c c:/st/stm32cubeide_1.8.0/stm32cubeide/plugins/com.st.stm32cube.ide.mcu.externaltools.gnu-tools-for-stm32.9-2020-q2-update.win32_2.0.0.202105311346/tools/bin/../lib/gcc/arm-none-eabi/9.3.1/../../../../arm-none-eabi/lib/thumb/v7e-m+fp/hard\libc_nano.a(lib_a-sbrkr.o)
 .debug_frame   0x0000000000002a58       0x30 c:/st/stm32cubeide_1.8.0/stm32cubeide/plugins/com.st.stm32cube.ide.mcu.externaltools.gnu-tools-for-stm32.9-2020-q2-update.win32_2.0.0.202105311346/tools/bin/../lib/gcc/arm-none-eabi/9.3.1/../../../../arm-none-eabi/lib/thumb/v7e-m+fp/hard\libc_nano.a(lib_a-mlock.o)
 .debug_frame   0x0000000000002a88       0x20 c:/st/stm32cubeide_1.8.0/stm32cubeide/plugins/com.st.stm32cube.ide.mcu.externaltools.gnu-tools-for-stm32.9-2020-q2-update.win32_2.0.0.202105311346/tools/bin/../lib/gcc/arm-none-eabi/9.3.1/../../../../arm-none-eabi/lib/thumb/v7e-m+fp/hard\libc_nano.a(lib_a-nano-msizer.o)
 .debug_frame   0x0000000000002aa8       0x5c c:/st/stm32cubeide_1.8.0/stm32cubeide/plugins/com.st.stm32cube.ide.mcu.externaltools.gnu-tools-for-stm32.9-2020-q2-update.win32_2.0.0.202105311346/tools/bin/../lib/gcc/arm-none-eabi/9.3.1/../../../../arm-none-eabi/lib/thumb/v7e-m+fp/hard\libc_nano.a(lib_a-reent.o)
 .debug_frame   0x0000000000002b04       0xb0 c:/st/stm32cubeide_1.8.0/stm32cubeide/plugins/com.st.stm32cube.ide.mcu.externaltools.gnu-tools-for-stm32.9-2020-q2-update.win32_2.0.0.202105311346/tools/bin/../lib/gcc/arm-none-eabi/9.3.1/../../../../arm-none-eabi/lib/thumb/v7e-m+fp/hard\libc_nano.a(lib_a-lock.o)
 .debug_frame   0x0000000000002bb4       0x2c c:/st/stm32cubeide_1.8.0/stm32cubeide/plugins/com.st.stm32cube.ide.mcu.externaltools.gnu-tools-for-stm32.9-2020-q2-update.win32_2.0.0.202105311346/tools/bin/../lib/gcc/arm-none-eabi/9.3.1/thumb/v7e-m+fp/hard\libgcc.a(_aeabi_uldivmod.o)
 .debug_frame   0x0000000000002be0       0x34 c:/st/stm32cubeide_1.8.0/stm32cubeide/plugins/com.st.stm32cube.ide.mcu.externaltools.gnu-tools-for-stm32.9-2020-q2-update.win32_2.0.0.202105311346/tools/bin/../lib/gcc/arm-none-eabi/9.3.1/thumb/v7e-m+fp/hard\libgcc.a(_udivmoddi4.o)
